Archive member included to satisfy reference by file (symbol)

d:/fpga/nios2eds/bin/gnu/h-x86_64-mingw32/bin/../lib/gcc/nios2-elf/5.3.0/../../../../../H-x86_64-mingw32/nios2-elf/lib\libc.a(lib_a-printf.o)
                              obj/default/hello_world.o (printf)
d:/fpga/nios2eds/bin/gnu/h-x86_64-mingw32/bin/../lib/gcc/nios2-elf/5.3.0/../../../../../H-x86_64-mingw32/nios2-elf/lib\libc.a(lib_a-vfprintf.o)
                              d:/fpga/nios2eds/bin/gnu/h-x86_64-mingw32/bin/../lib/gcc/nios2-elf/5.3.0/../../../../../H-x86_64-mingw32/nios2-elf/lib\libc.a(lib_a-printf.o) (___vfprintf_internal_r)
d:/fpga/nios2eds/bin/gnu/h-x86_64-mingw32/bin/../lib/gcc/nios2-elf/5.3.0/../../../../../H-x86_64-mingw32/nios2-elf/lib\libc.a(lib_a-wsetup.o)
                              d:/fpga/nios2eds/bin/gnu/h-x86_64-mingw32/bin/../lib/gcc/nios2-elf/5.3.0/../../../../../H-x86_64-mingw32/nios2-elf/lib\libc.a(lib_a-vfprintf.o) (__swsetup_r)
d:/fpga/nios2eds/bin/gnu/h-x86_64-mingw32/bin/../lib/gcc/nios2-elf/5.3.0/../../../../../H-x86_64-mingw32/nios2-elf/lib\libc.a(lib_a-dtoa.o)
                              d:/fpga/nios2eds/bin/gnu/h-x86_64-mingw32/bin/../lib/gcc/nios2-elf/5.3.0/../../../../../H-x86_64-mingw32/nios2-elf/lib\libc.a(lib_a-vfprintf.o) (_dtoa_r)
d:/fpga/nios2eds/bin/gnu/h-x86_64-mingw32/bin/../lib/gcc/nios2-elf/5.3.0/../../../../../H-x86_64-mingw32/nios2-elf/lib\libc.a(lib_a-fflush.o)
                              d:/fpga/nios2eds/bin/gnu/h-x86_64-mingw32/bin/../lib/gcc/nios2-elf/5.3.0/../../../../../H-x86_64-mingw32/nios2-elf/lib\libc.a(lib_a-vfprintf.o) (_fflush_r)
d:/fpga/nios2eds/bin/gnu/h-x86_64-mingw32/bin/../lib/gcc/nios2-elf/5.3.0/../../../../../H-x86_64-mingw32/nios2-elf/lib\libc.a(lib_a-findfp.o)
                              d:/fpga/nios2eds/bin/gnu/h-x86_64-mingw32/bin/../lib/gcc/nios2-elf/5.3.0/../../../../../H-x86_64-mingw32/nios2-elf/lib\libc.a(lib_a-vfprintf.o) (__sinit)
d:/fpga/nios2eds/bin/gnu/h-x86_64-mingw32/bin/../lib/gcc/nios2-elf/5.3.0/../../../../../H-x86_64-mingw32/nios2-elf/lib\libc.a(lib_a-freer.o)
                              d:/fpga/nios2eds/bin/gnu/h-x86_64-mingw32/bin/../lib/gcc/nios2-elf/5.3.0/../../../../../H-x86_64-mingw32/nios2-elf/lib\libc.a(lib_a-wsetup.o) (_free_r)
d:/fpga/nios2eds/bin/gnu/h-x86_64-mingw32/bin/../lib/gcc/nios2-elf/5.3.0/../../../../../H-x86_64-mingw32/nios2-elf/lib\libc.a(lib_a-fwalk.o)
                              d:/fpga/nios2eds/bin/gnu/h-x86_64-mingw32/bin/../lib/gcc/nios2-elf/5.3.0/../../../../../H-x86_64-mingw32/nios2-elf/lib\libc.a(lib_a-findfp.o) (_fwalk)
d:/fpga/nios2eds/bin/gnu/h-x86_64-mingw32/bin/../lib/gcc/nios2-elf/5.3.0/../../../../../H-x86_64-mingw32/nios2-elf/lib\libc.a(lib_a-impure.o)
                              d:/fpga/nios2eds/bin/gnu/h-x86_64-mingw32/bin/../lib/gcc/nios2-elf/5.3.0/../../../../../H-x86_64-mingw32/nios2-elf/lib\libc.a(lib_a-fflush.o) (_global_impure_ptr)
d:/fpga/nios2eds/bin/gnu/h-x86_64-mingw32/bin/../lib/gcc/nios2-elf/5.3.0/../../../../../H-x86_64-mingw32/nios2-elf/lib\libc.a(lib_a-locale.o)
                              d:/fpga/nios2eds/bin/gnu/h-x86_64-mingw32/bin/../lib/gcc/nios2-elf/5.3.0/../../../../../H-x86_64-mingw32/nios2-elf/lib\libc.a(lib_a-vfprintf.o) (_localeconv_r)
d:/fpga/nios2eds/bin/gnu/h-x86_64-mingw32/bin/../lib/gcc/nios2-elf/5.3.0/../../../../../H-x86_64-mingw32/nios2-elf/lib\libc.a(lib_a-makebuf.o)
                              d:/fpga/nios2eds/bin/gnu/h-x86_64-mingw32/bin/../lib/gcc/nios2-elf/5.3.0/../../../../../H-x86_64-mingw32/nios2-elf/lib\libc.a(lib_a-wsetup.o) (__smakebuf_r)
d:/fpga/nios2eds/bin/gnu/h-x86_64-mingw32/bin/../lib/gcc/nios2-elf/5.3.0/../../../../../H-x86_64-mingw32/nios2-elf/lib\libc.a(lib_a-mallocr.o)
                              d:/fpga/nios2eds/bin/gnu/h-x86_64-mingw32/bin/../lib/gcc/nios2-elf/5.3.0/../../../../../H-x86_64-mingw32/nios2-elf/lib\libc.a(lib_a-findfp.o) (_malloc_r)
d:/fpga/nios2eds/bin/gnu/h-x86_64-mingw32/bin/../lib/gcc/nios2-elf/5.3.0/../../../../../H-x86_64-mingw32/nios2-elf/lib\libc.a(lib_a-memchr.o)
                              d:/fpga/nios2eds/bin/gnu/h-x86_64-mingw32/bin/../lib/gcc/nios2-elf/5.3.0/../../../../../H-x86_64-mingw32/nios2-elf/lib\libc.a(lib_a-vfprintf.o) (memchr)
d:/fpga/nios2eds/bin/gnu/h-x86_64-mingw32/bin/../lib/gcc/nios2-elf/5.3.0/../../../../../H-x86_64-mingw32/nios2-elf/lib\libc.a(lib_a-memcpy.o)
                              d:/fpga/nios2eds/bin/gnu/h-x86_64-mingw32/bin/../lib/gcc/nios2-elf/5.3.0/../../../../../H-x86_64-mingw32/nios2-elf/lib\libc.a(lib_a-dtoa.o) (memcpy)
d:/fpga/nios2eds/bin/gnu/h-x86_64-mingw32/bin/../lib/gcc/nios2-elf/5.3.0/../../../../../H-x86_64-mingw32/nios2-elf/lib\libc.a(lib_a-memset.o)
                              d:/fpga/nios2eds/bin/gnu/h-x86_64-mingw32/bin/../lib/gcc/nios2-elf/5.3.0/../../../../../H-x86_64-mingw32/nios2-elf/lib\libc.a(lib_a-findfp.o) (memset)
d:/fpga/nios2eds/bin/gnu/h-x86_64-mingw32/bin/../lib/gcc/nios2-elf/5.3.0/../../../../../H-x86_64-mingw32/nios2-elf/lib\libc.a(lib_a-mprec.o)
[...]
Memory Configuration

Name             Origin             Length             Attributes
reset            0x0000000000040000 0x0000000000000020
onchip_memory2_0 0x0000000000040020 0x000000000001ffe0
*default*        0x0000000000000000 0xffffffffffffffff

Linker script and memory map

LOAD D:/embeddedlabs/RTES_lab1/onchip_instrCacheDisabled_dataCacheDisabled/analysis2_custom_parallel_port_onchip_dis_dis_bsp//obj/HAL/src/crt0.o
LOAD obj/default/hello_world.o
LOAD d:/fpga/nios2eds/bin/gnu/h-x86_64-mingw32/bin/../lib/gcc/nios2-elf/5.3.0/../../../../../H-x86_64-mingw32/nios2-elf/lib\libstdc++.a
LOAD d:/fpga/nios2eds/bin/gnu/h-x86_64-mingw32/bin/../lib/gcc/nios2-elf/5.3.0/../../../../../H-x86_64-mingw32/nios2-elf/lib\libm.a
LOAD d:/fpga/nios2eds/bin/gnu/h-x86_64-mingw32/bin/../lib/gcc/nios2-elf/5.3.0\libgcc.a
START GROUP
LOAD d:/fpga/nios2eds/bin/gnu/h-x86_64-mingw32/bin/../lib/gcc/nios2-elf/5.3.0/../../../../../H-x86_64-mingw32/nios2-elf/lib\libc.a
LOAD d:/fpga/nios2eds/bin/gnu/h-x86_64-mingw32/bin/../lib/gcc/nios2-elf/5.3.0\libgcc.a
LOAD D:/embeddedlabs/RTES_lab1/onchip_instrCacheDisabled_dataCacheDisabled/analysis2_custom_parallel_port_onchip_dis_dis_bsp/\libhal_bsp.a
LOAD d:/fpga/nios2eds/bin/gnu/h-x86_64-mingw32/bin/../lib/gcc/nios2-elf/5.3.0/../../../../../H-x86_64-mingw32/nios2-elf/lib\libm.a
END GROUP
LOAD d:/fpga/nios2eds/bin/gnu/h-x86_64-mingw32/bin/../lib/gcc/nios2-elf/5.3.0\libgcc.a
                0x0000000000040000                __alt_mem_onchip_memory2_0 = 0x40000

.entry          0x0000000000040000       0x20
 *(.entry)
 .entry         0x0000000000040000       0x20 D:/embeddedlabs/RTES_lab1/onchip_instrCacheDisabled_dataCacheDisabled/analysis2_custom_parallel_port_onchip_dis_dis_bsp//obj/HAL/src/crt0.o
                0x0000000000040000                __reset

.exceptions     0x0000000000040020      0x230
                0x0000000000040020                PROVIDE (__ram_exceptions_start, ABSOLUTE (.))
                0x0000000000040020                . = ALIGN (0x20)
 *(.irq)
 *(.exceptions.entry.label)
 .exceptions.entry.label
                0x0000000000040020        0x0 D:/embeddedlabs/RTES_lab1/onchip_instrCacheDisabled_dataCacheDisabled/analysis2_custom_parallel_port_onchip_dis_dis_bsp/\libhal_bsp.a(alt_irq_entry.o)
                0x0000000000040020                alt_irq_entry
 .exceptions.entry.label
                0x0000000000040020        0x0 D:/embeddedlabs/RTES_lab1/onchip_instrCacheDisabled_dataCacheDisabled/analysis2_custom_parallel_port_onchip_dis_dis_bsp/\libhal_bsp.a(alt_exception_entry.o)
                0x0000000000040020                alt_exception
 *(.exceptions.entry.user)
 *(.exceptions.entry.ecc_fatal)
 *(.exceptions.entry)
 .exceptions.entry
                0x0000000000040020       0x54 D:/embeddedlabs/RTES_lab1/onchip_instrCacheDisabled_dataCacheDisabled/analysis2_custom_parallel_port_onchip_dis_dis_bsp/\libhal_bsp.a(alt_exception_entry.o)
 *(.exceptions.irqtest.user)
 *(.exceptions.irqtest)
 .exceptions.irqtest
                0x0000000000040074       0x10 D:/embeddedlabs/RTES_lab1/onchip_instrCacheDisabled_dataCacheDisabled/analysis2_custom_parallel_port_onchip_dis_dis_bsp/\libhal_bsp.a(alt_irq_entry.o)
 *(.exceptions.irqhandler.user)
 *(.exceptions.irqhandler)
 .exceptions.irqhandler
                0x0000000000040084        0x4 D:/embeddedlabs/RTES_lab1/onchip_instrCacheDisabled_dataCacheDisabled/analysis2_custom_parallel_port_onchip_dis_dis_bsp/\libhal_bsp.a(alt_irq_entry.o)
 *(.exceptions.irqreturn.user)
 *(.exceptions.irqreturn)
 .exceptions.irqreturn
                0x0000000000040088        0x4 D:/embeddedlabs/RTES_lab1/onchip_instrCacheDisabled_dataCacheDisabled/analysis2_custom_parallel_port_onchip_dis_dis_bsp/\libhal_bsp.a(alt_irq_entry.o)
 *(.exceptions.notirq.label)
 .exceptions.notirq.label
                0x000000000004008c        0x0 D:/embeddedlabs/RTES_lab1/onchip_instrCacheDisabled_dataCacheDisabled/analysis2_custom_parallel_port_onchip_dis_dis_bsp/\libhal_bsp.a(alt_irq_entry.o)
 *(.exceptions.notirq.user)
 *(.exceptions.notirq)
 .exceptions.notirq
                0x000000000004008c        0x8 D:/embeddedlabs/RTES_lab1/onchip_instrCacheDisabled_dataCacheDisabled/analysis2_custom_parallel_port_onchip_dis_dis_bsp/\libhal_bsp.a(alt_exception_entry.o)
 *(.exceptions.soft.user)
 *(.exceptions.soft)
 *(.exceptions.unknown.user)
 *(.exceptions.unknown)
 .exceptions.unknown
                0x0000000000040094       0x14 D:/embeddedlabs/RTES_lab1/onchip_instrCacheDisabled_dataCacheDisabled/analysis2_custom_parallel_port_onchip_dis_dis_bsp/\libhal_bsp.a(alt_exception_entry.o)
 *(.exceptions.exit.label)
 .exceptions.exit.label
                0x00000000000400a8        0x0 D:/embeddedlabs/RTES_lab1/onchip_instrCacheDisabled_dataCacheDisabled/analysis2_custom_parallel_port_onchip_dis_dis_bsp/\libhal_bsp.a(alt_irq_entry.o)
 .exceptions.exit.label
                0x00000000000400a8        0x0 D:/embeddedlabs/RTES_lab1/onchip_instrCacheDisabled_dataCacheDisabled/analysis2_custom_parallel_port_onchip_dis_dis_bsp/\libhal_bsp.a(alt_exception_entry.o)
 *(.exceptions.exit.user)
 *(.exceptions.exit)
 .exceptions.exit
                0x00000000000400a8       0x54 D:/embeddedlabs/RTES_lab1/onchip_instrCacheDisabled_dataCacheDisabled/analysis2_custom_parallel_port_onchip_dis_dis_bsp/\libhal_bsp.a(alt_exception_entry.o)
 *(.exceptions)
 .exceptions    0x00000000000400fc       0xe0 D:/embeddedlabs/RTES_lab1/onchip_instrCacheDisabled_dataCacheDisabled/analysis2_custom_parallel_port_onchip_dis_dis_bsp/\libhal_bsp.a(alt_irq_handler.o)
                0x00000000000400fc                alt_irq_handler
 .exceptions    0x00000000000401dc       0x74 D:/embeddedlabs/RTES_lab1/onchip_instrCacheDisabled_dataCacheDisabled/analysis2_custom_parallel_port_onchip_dis_dis_bsp/\libhal_bsp.a(alt_instruction_exception_entry.o)
                0x00000000000401dc                alt_instruction_exception_entry
                0x0000000000040250                PROVIDE (__ram_exceptions_end, ABSOLUTE (.))
                0x0000000000040020                PROVIDE (__flash_exceptions_start, LOADADDR (.exceptions))

.text           0x0000000000040250     0xf7f0
                [!provide]                        PROVIDE (stext, ABSOLUTE (.))
 *(.interp)
 *(.hash)
 *(.dynsym)
 *(.dynstr)
 *(.gnu.version)
 *(.gnu.version_d)
 *(.gnu.version_r)
 *(.rel.init)
 *(.rela.init)
 *(.rel.text .rel.text.* .rel.gnu.linkonce.t.*)
 *(.rela.text .rela.text.* .rela.gnu.linkonce.t.*)
 *(.rel.fini)
 *(.rela.fini)
 *(.rel.rodata .rel.rodata.* .rel.gnu.linkonce.r.*)
 *(.rela.rodata .rela.rodata.* .rela.gnu.linkonce.r.*)
 *(.rel.data .rel.data.* .rel.gnu.linkonce.d.*)
 *(.rela.data .rela.data.* .rela.gnu.linkonce.d.*)
 *(.rel.tdata .rel.tdata.* .rel.gnu.linkonce.td.*)
 *(.rela.tdata .rela.tdata.* .rela.gnu.linkonce.td.*)
 *(.rel.tbss .rel.tbss.* .rel.gnu.linkonce.tb.*)
 *(.rela.tbss .rela.tbss.* .rela.gnu.linkonce.tb.*)
 *(.rel.ctors)
 *(.rela.ctors)
 *(.rel.dtors)
 *(.rela.dtors)
 *(.rel.got)
 *(.rela.got)
 *(.rel.sdata .rel.sdata.* .rel.gnu.linkonce.s.*)
 *(.rela.sdata .rela.sdata.* .rela.gnu.linkonce.s.*)
 *(.rel.sbss .rel.sbss.* .rel.gnu.linkonce.sb.*)
 *(.rela.sbss .rela.sbss.* .rela.gnu.linkonce.sb.*)
 *(.rel.sdata2 .rel.sdata2.* .rel.gnu.linkonce.s2.*)
 *(.rela.sdata2 .rela.sdata2.* .rela.gnu.linkonce.s2.*)
 *(.rel.sbss2 .rel.sbss2.* .rel.gnu.linkonce.sb2.*)
 *(.rela.sbss2 .rela.sbss2.* .rela.gnu.linkonce.sb2.*)
 *(.rel.bss .rel.bss.* .rel.gnu.linkonce.b.*)
 *(.rela.bss .rela.bss.* .rela.gnu.linkonce.b.*)
 *(.rel.plt)
 *(.rela.plt)
 *(.rel.dyn)
 *(.init)
 *(.plt)
 *(.text .stub .text.* .gnu.linkonce.t.*)
 .text          0x0000000000040250       0x3c D:/embeddedlabs/RTES_lab1/onchip_instrCacheDisabled_dataCacheDisabled/analysis2_custom_parallel_port_onchip_dis_dis_bsp//obj/HAL/src/crt0.o
                0x0000000000040250                _start
 .text          0x000000000004028c      0x4b0 obj/default/hello_world.o
                0x000000000004028c                test_counter
                0x00000000000403b0                measurements_with_timers_recovery
                0x00000000000404cc                responsive_parallel
                0x0000000000040578                recovery_parallel
                0x0000000000040618                analysis_setting_parallel_port
                0x0000000000040670                measure_latency_parallel
                0x0000000000040710                main
 .text          0x000000000004073c        0x0 d:/fpga/nios2eds/bin/gnu/h-x86_64-mingw32/bin/../lib/gcc/nios2-elf/5.3.0/../../../../../H-x86_64-mingw32/nios2-elf/lib\libc.a(lib_a-printf.o)
 .text._printf_r
                0x000000000004073c       0x30 d:/fpga/nios2eds/bin/gnu/h-x86_64-mingw32/bin/../lib/gcc/nios2-elf/5.3.0/../../../../../H-x86_64-mingw32/nios2-elf/lib\libc.a(lib_a-printf.o)
                0x000000000004073c                _printf_r
 .text.printf   0x000000000004076c       0x3c d:/fpga/nios2eds/bin/gnu/h-x86_64-mingw32/bin/../lib/gcc/nios2-elf/5.3.0/../../../../../H-x86_64-mingw32/nios2-elf/lib\libc.a(lib_a-printf.o)
                0x000000000004076c                printf
 .text          0x00000000000407a8        0x0 d:/fpga/nios2eds/bin/gnu/h-x86_64-mingw32/bin/../lib/gcc/nios2-elf/5.3.0/../../../../../H-x86_64-mingw32/nios2-elf/lib\libc.a(lib_a-vfprintf.o)
 .text.___vfprintf_internal_r
                0x00000000000407a8     0x21f8 d:/fpga/nios2eds/bin/gnu/h-x86_64-mingw32/bin/../lib/gcc/nios2-elf/5.3.0/../../../../../H-x86_64-mingw32/nios2-elf/lib\libc.a(lib_a-vfprintf.o)
                0x00000000000407a8                ___vfprintf_internal_r
 .text.__vfprintf_internal
                0x00000000000429a0       0x1c d:/fpga/nios2eds/bin/gnu/h-x86_64-mingw32/bin/../lib/gcc/nios2-elf/5.3.0/../../../../../H-x86_64-mingw32/nios2-elf/lib\libc.a(lib_a-vfprintf.o)
                0x00000000000429a0                __vfprintf_internal
 .text.__sbprintf
                0x00000000000429bc       0xbc d:/fpga/nios2eds/bin/gnu/h-x86_64-mingw32/bin/../lib/gcc/nios2-elf/5.3.0/../../../../../H-x86_64-mingw32/nios2-elf/lib\libc.a(lib_a-vfprintf.o)
 .text          0x0000000000042a78        0x0 d:/fpga/nios2eds/bin/gnu/h-x86_64-mingw32/bin/../lib/gcc/nios2-elf/5.3.0/../../../../../H-x86_64-mingw32/nios2-elf/lib\libc.a(lib_a-wsetup.o)
 .text.__swsetup_r
                0x0000000000042a78      0x154 d:/fpga/nios2eds/bin/gnu/h-x86_64-mingw32/bin/../lib/gcc/nios2-elf/5.3.0/../../../../../H-x86_64-mingw32/nios2-elf/lib\libc.a(lib_a-wsetup.o)
                0x0000000000042a78                __swsetup_r
 .text          0x0000000000042bcc        0x0 d:/fpga/nios2eds/bin/gnu/h-x86_64-mingw32/bin/../lib/gcc/nios2-elf/5.3.0/../../../../../H-x86_64-mingw32/nios2-elf/lib\libc.a(lib_a-dtoa.o)
 .text.quorem   0x0000000000042bcc      0x200 d:/fpga/nios2eds/bin/gnu/h-x86_64-mingw32/bin/../lib/gcc/nios2-elf/5.3.0/../../../../../H-x86_64-mingw32/nios2-elf/lib\libc.a(lib_a-dtoa.o)
 .text._dtoa_r  0x0000000000042dcc     0x1688 d:/fpga/nios2eds/bin/gnu/h-x86_64-mingw32/bin/../lib/gcc/nios2-elf/5.3.0/../../../../../H-x86_64-mingw32/nios2-elf/lib\libc.a(lib_a-dtoa.o)
                0x0000000000042dcc                _dtoa_r
 .text          0x0000000000044454        0x0 d:/fpga/nios2eds/bin/gnu/h-x86_64-mingw32/bin/../lib/gcc/nios2-elf/5.3.0/../../../../../H-x86_64-mingw32/nios2-elf/lib\libc.a(lib_a-fflush.o)
 .text.__sflush_r
                0x0000000000044454      0x21c d:/fpga/nios2eds/bin/gnu/h-x86_64-mingw32/bin/../lib/gcc/nios2-elf/5.3.0/../../../../../H-x86_64-mingw32/nios2-elf/lib\libc.a(lib_a-fflush.o)
                0x0000000000044454                __sflush_r
 .text._fflush_r
                0x0000000000044670       0x5c d:/fpga/nios2eds/bin/gnu/h-x86_64-mingw32/bin/../lib/gcc/nios2-elf/5.3.0/../../../../../H-x86_64-mingw32/nios2-elf/lib\libc.a(lib_a-fflush.o)
                0x0000000000044670                _fflush_r
 .text.fflush   0x00000000000446cc       0x30 d:/fpga/nios2eds/bin/gnu/h-x86_64-mingw32/bin/../lib/gcc/nios2-elf/5.3.0/../../../../../H-x86_64-mingw32/nios2-elf/lib\libc.a(lib_a-fflush.o)
                0x00000000000446cc                fflush
 .text          0x00000000000446fc        0x0 d:/fpga/nios2eds/bin/gnu/h-x86_64-mingw32/bin/../lib/gcc/nios2-elf/5.3.0/../../../../../H-x86_64-mingw32/nios2-elf/lib\libc.a(lib_a-findfp.o)
 .text.__fp_unlock
                0x00000000000446fc        0x8 d:/fpga/nios2eds/bin/gnu/h-x86_64-mingw32/bin/../lib/gcc/nios2-elf/5.3.0/../../../../../H-x86_64-mingw32/nios2-elf/lib\libc.a(lib_a-findfp.o)
 .text._cleanup_r
                0x0000000000044704        0xc d:/fpga/nios2eds/bin/gnu/h-x86_64-mingw32/bin/../lib/gcc/nios2-elf/5.3.0/../../../../../H-x86_64-mingw32/nios2-elf/lib\libc.a(lib_a-findfp.o)
                0x0000000000044704                _cleanup_r
 .text.__sinit.part.1
                0x0000000000044710      0x19c d:/fpga/nios2eds/bin/gnu/h-x86_64-mingw32/bin/../lib/gcc/nios2-elf/5.3.0/../../../../../H-x86_64-mingw32/nios2-elf/lib\libc.a(lib_a-findfp.o)
 .text.__fp_lock
                0x00000000000448ac        0x8 d:/fpga/nios2eds/bin/gnu/h-x86_64-mingw32/bin/../lib/gcc/nios2-elf/5.3.0/../../../../../H-x86_64-mingw32/nios2-elf/lib\libc.a(lib_a-findfp.o)
 .text.__sfmoreglue
                0x00000000000448b4       0x68 d:/fpga/nios2eds/bin/gnu/h-x86_64-mingw32/bin/../lib/gcc/nios2-elf/5.3.0/../../../../../H-x86_64-mingw32/nios2-elf/lib\libc.a(lib_a-findfp.o)
                0x00000000000448b4                __sfmoreglue
 .text.__sfp    0x000000000004491c      0x118 d:/fpga/nios2eds/bin/gnu/h-x86_64-mingw32/bin/../lib/gcc/nios2-elf/5.3.0/../../../../../H-x86_64-mingw32/nios2-elf/lib\libc.a(lib_a-findfp.o)
                0x000000000004491c                __sfp
 .text._cleanup
                0x0000000000044a34       0x18 d:/fpga/nios2eds/bin/gnu/h-x86_64-mingw32/bin/../lib/gcc/nios2-elf/5.3.0/../../../../../H-x86_64-mingw32/nios2-elf/lib\libc.a(lib_a-findfp.o)
                0x0000000000044a34                _cleanup
 .text.__sinit  0x0000000000044a4c       0x10 d:/fpga/nios2eds/bin/gnu/h-x86_64-mingw32/bin/../lib/gcc/nios2-elf/5.3.0/../../../../../H-x86_64-mingw32/nios2-elf/lib\libc.a(lib_a-findfp.o)
                0x0000000000044a4c                __sinit
 .text.__sfp_lock_acquire
                0x0000000000044a5c        0x4 d:/fpga/nios2eds/bin/gnu/h-x86_64-mingw32/bin/../lib/gcc/nios2-elf/5.3.0/../../../../../H-x86_64-mingw32/nios2-elf/lib\libc.a(lib_a-findfp.o)
                0x0000000000044a5c                __sfp_lock_acquire
 .text.__sfp_lock_release
                0x0000000000044a60        0x4 d:/fpga/nios2eds/bin/gnu/h-x86_64-mingw32/bin/../lib/gcc/nios2-elf/5.3.0/../../../../../H-x86_64-mingw32/nios2-elf/lib\libc.a(lib_a-findfp.o)
                0x0000000000044a60                __sfp_lock_release
 .text.__sinit_lock_acquire
                0x0000000000044a64        0x4 d:/fpga/nios2eds/bin/gnu/h-x86_64-mingw32/bin/../lib/gcc/nios2-elf/5.3.0/../../../../../H-x86_64-mingw32/nios2-elf/lib\libc.a(lib_a-findfp.o)
                0x0000000000044a64                __sinit_lock_acquire
 .text.__sinit_lock_release
                0x0000000000044a68        0x4 d:/fpga/nios2eds/bin/gnu/h-x86_64-mingw32/bin/../lib/gcc/nios2-elf/5.3.0/../../../../../H-x86_64-mingw32/nios2-elf/lib\libc.a(lib_a-findfp.o)
                0x0000000000044a68                __sinit_lock_release
 .text.__fp_lock_all
                0x0000000000044a6c       0x18 d:/fpga/nios2eds/bin/gnu/h-x86_64-mingw32/bin/../lib/gcc/nios2-elf/5.3.0/../../../../../H-x86_64-mingw32/nios2-elf/lib\libc.a(lib_a-findfp.o)
                0x0000000000044a6c                __fp_lock_all
 .text.__fp_unlock_all
                0x0000000000044a84       0x18 d:/fpga/nios2eds/bin/gnu/h-x86_64-mingw32/bin/../lib/gcc/nios2-elf/5.3.0/../../../../../H-x86_64-mingw32/nios2-elf/lib\libc.a(lib_a-findfp.o)
                0x0000000000044a84                __fp_unlock_all
 .text          0x0000000000044a9c        0x0 d:/fpga/nios2eds/bin/gnu/h-x86_64-mingw32/bin/../lib/gcc/nios2-elf/5.3.0/../../../../../H-x86_64-mingw32/nios2-elf/lib\libc.a(lib_a-freer.o)
 .text._malloc_trim_r
                0x0000000000044a9c      0x124 d:/fpga/nios2eds/bin/gnu/h-x86_64-mingw32/bin/../lib/gcc/nios2-elf/5.3.0/../../../../../H-x86_64-mingw32/nios2-elf/lib\libc.a(lib_a-freer.o)
                0x0000000000044a9c                _malloc_trim_r
 .text._free_r  0x0000000000044bc0      0x310 d:/fpga/nios2eds/bin/gnu/h-x86_64-mingw32/bin/../lib/gcc/nios2-elf/5.3.0/../../../../../H-x86_64-mingw32/nios2-elf/lib\libc.a(lib_a-freer.o)
                0x0000000000044bc0                _free_r
 .text          0x0000000000044ed0        0x0 d:/fpga/nios2eds/bin/gnu/h-x86_64-mingw32/bin/../lib/gcc/nios2-elf/5.3.0/../../../../../H-x86_64-mingw32/nios2-elf/lib\libc.a(lib_a-fwalk.o)
 .text._fwalk   0x0000000000044ed0       0xc4 d:/fpga/nios2eds/bin/gnu/h-x86_64-mingw32/bin/../lib/gcc/nios2-elf/5.3.0/../../../../../H-x86_64-mingw32/nios2-elf/lib\libc.a(lib_a-fwalk.o)
                0x0000000000044ed0                _fwalk
 .text._fwalk_reent
                0x0000000000044f94       0xc4 d:/fpga/nios2eds/bin/gnu/h-x86_64-mingw32/bin/../lib/gcc/nios2-elf/5.3.0/../../../../../H-x86_64-mingw32/nios2-elf/lib\libc.a(lib_a-fwalk.o)
                0x0000000000044f94                _fwalk_reent
 .text          0x0000000000045058        0x0 d:/fpga/nios2eds/bin/gnu/h-x86_64-mingw32/bin/../lib/gcc/nios2-elf/5.3.0/../../../../../H-x86_64-mingw32/nios2-elf/lib\libc.a(lib_a-impure.o)
 .text          0x0000000000045058        0x0 d:/fpga/nios2eds/bin/gnu/h-x86_64-mingw32/bin/../lib/gcc/nios2-elf/5.3.0/../../../../../H-x86_64-mingw32/nios2-elf/lib\libc.a(lib_a-locale.o)
 .text._setlocale_r
                0x0000000000045058       0x7c d:/fpga/nios2eds/bin/gnu/h-x86_64-mingw32/bin/../lib/gcc/nios2-elf/5.3.0/../../../../../H-x86_64-mingw32/nios2-elf/lib\libc.a(lib_a-locale.o)
                0x0000000000045058                _setlocale_r
 .text.__locale_charset
                0x00000000000450d4        0xc d:/fpga/nios2eds/bin/gnu/h-x86_64-mingw32/bin/../lib/gcc/nios2-elf/5.3.0/../../../../../H-x86_64-mingw32/nios2-elf/lib\libc.a(lib_a-locale.o)
                0x00000000000450d4                __locale_charset
 .text.__locale_mb_cur_max
                0x00000000000450e0       0x10 d:/fpga/nios2eds/bin/gnu/h-x86_64-mingw32/bin/../lib/gcc/nios2-elf/5.3.0/../../../../../H-x86_64-mingw32/nios2-elf/lib\libc.a(lib_a-locale.o)
                0x00000000000450e0                __locale_mb_cur_max
 .text.__locale_msgcharset
                0x00000000000450f0        0xc d:/fpga/nios2eds/bin/gnu/h-x86_64-mingw32/bin/../lib/gcc/nios2-elf/5.3.0/../../../../../H-x86_64-mingw32/nios2-elf/lib\libc.a(lib_a-locale.o)
                0x00000000000450f0                __locale_msgcharset
 .text.__locale_cjk_lang
                0x00000000000450fc        0x8 d:/fpga/nios2eds/bin/gnu/h-x86_64-mingw32/bin/../lib/gcc/nios2-elf/5.3.0/../../../../../H-x86_64-mingw32/nios2-elf/lib\libc.a(lib_a-locale.o)
                0x00000000000450fc                __locale_cjk_lang
 .text._localeconv_r
                0x0000000000045104        0xc d:/fpga/nios2eds/bin/gnu/h-x86_64-mingw32/bin/../lib/gcc/nios2-elf/5.3.0/../../../../../H-x86_64-mingw32/nios2-elf/lib\libc.a(lib_a-locale.o)
                0x0000000000045104                _localeconv_r
 .text.setlocale
                0x0000000000045110       0x18 d:/fpga/nios2eds/bin/gnu/h-x86_64-mingw32/bin/../lib/gcc/nios2-elf/5.3.0/../../../../../H-x86_64-mingw32/nios2-elf/lib\libc.a(lib_a-locale.o)
                0x0000000000045110                setlocale
 .text.localeconv
                0x0000000000045128        0xc d:/fpga/nios2eds/bin/gnu/h-x86_64-mingw32/bin/../lib/gcc/nios2-elf/5.3.0/../../../../../H-x86_64-mingw32/nios2-elf/lib\libc.a(lib_a-locale.o)
                0x0000000000045128                localeconv
 .text          0x0000000000045134        0x0 d:/fpga/nios2eds/bin/gnu/h-x86_64-mingw32/bin/../lib/gcc/nios2-elf/5.3.0/../../../../../H-x86_64-mingw32/nios2-elf/lib\libc.a(lib_a-makebuf.o)
 .text.__smakebuf_r
                0x0000000000045134      0x1bc d:/fpga/nios2eds/bin/gnu/h-x86_64-mingw32/bin/../lib/gcc/nios2-elf/5.3.0/../../../../../H-x86_64-mingw32/nios2-elf/lib\libc.a(lib_a-makebuf.o)
                0x0000000000045134                __smakebuf_r
 .text          0x00000000000452f0        0x0 d:/fpga/nios2eds/bin/gnu/h-x86_64-mingw32/bin/../lib/gcc/nios2-elf/5.3.0/../../../../../H-x86_64-mingw32/nios2-elf/lib\libc.a(lib_a-mallocr.o)
 .text._malloc_r
                0x00000000000452f0      0x80c d:/fpga/nios2eds/bin/gnu/h-x86_64-mingw32/bin/../lib/gcc/nios2-elf/5.3.0/../../../../../H-x86_64-mingw32/nios2-elf/lib\libc.a(lib_a-mallocr.o)
                0x00000000000452f0                _malloc_r
 .text          0x0000000000045afc        0x0 d:/fpga/nios2eds/bin/gnu/h-x86_64-mingw32/bin/../lib/gcc/nios2-elf/5.3.0/../../../../../H-x86_64-mingw32/nios2-elf/lib\libc.a(lib_a-memchr.o)
 .text.memchr   0x0000000000045afc       0xe4 d:/fpga/nios2eds/bin/gnu/h-x86_64-mingw32/bin/../lib/gcc/nios2-elf/5.3.0/../../../../../H-x86_64-mingw32/nios2-elf/lib\libc.a(lib_a-memchr.o)
                0x0000000000045afc                memchr
 .text          0x0000000000045be0        0x0 d:/fpga/nios2eds/bin/gnu/h-x86_64-mingw32/bin/../lib/gcc/nios2-elf/5.3.0/../../../../../H-x86_64-mingw32/nios2-elf/lib\libc.a(lib_a-memcpy.o)
 .text.memcpy   0x0000000000045be0      0x148 d:/fpga/nios2eds/bin/gnu/h-x86_64-mingw32/bin/../lib/gcc/nios2-elf/5.3.0/../../../../../H-x86_64-mingw32/nios2-elf/lib\libc.a(lib_a-memcpy.o)
                0x0000000000045be0                memcpy
 .text          0x0000000000045d28        0x0 d:/fpga/nios2eds/bin/gnu/h-x86_64-mingw32/bin/../lib/gcc/nios2-elf/5.3.0/../../../../../H-x86_64-mingw32/nios2-elf/lib\libc.a(lib_a-memset.o)
 .text.memset   0x0000000000045d28      0x128 d:/fpga/nios2eds/bin/gnu/h-x86_64-mingw32/bin/../lib/gcc/nios2-elf/5.3.0/../../../../../H-x86_64-mingw32/nios2-elf/lib\libc.a(lib_a-memset.o)
                0x0000000000045d28                memset
 .text          0x0000000000045e50        0x0 d:/fpga/nios2eds/bin/gnu/h-x86_64-mingw32/bin/../lib/gcc/nios2-elf/5.3.0/../../../../../H-x86_64-mingw32/nios2-elf/lib\libc.a(lib_a-mprec.o)
 .text._Balloc  0x0000000000045e50       0xa8 d:/fpga/nios2eds/bin/gnu/h-x86_64-mingw32/bin/../lib/gcc/nios2-elf/5.3.0/../../../../../H-x86_64-mingw32/nios2-elf/lib\libc.a(lib_a-mprec.o)
                0x0000000000045e50                _Balloc
 .text._Bfree   0x0000000000045ef8       0x28 d:/fpga/nios2eds/bin/gnu/h-x86_64-mingw32/bin/../lib/gcc/nios2-elf/5.3.0/../../../../../H-x86_64-mingw32/nios2-elf/lib\libc.a(lib_a-mprec.o)
                0x0000000000045ef8                _Bfree
 .text.__multadd
                0x0000000000045f20      0x120 d:/fpga/nios2eds/bin/gnu/h-x86_64-mingw32/bin/../lib/gcc/nios2-elf/5.3.0/../../../../../H-x86_64-mingw32/nios2-elf/lib\libc.a(lib_a-mprec.o)
                0x0000000000045f20                __multadd
 .text.__s2b    0x0000000000046040      0x104 d:/fpga/nios2eds/bin/gnu/h-x86_64-mingw32/bin/../lib/gcc/nios2-elf/5.3.0/../../../../../H-x86_64-mingw32/nios2-elf/lib\libc.a(lib_a-mprec.o)
                0x0000000000046040                __s2b
 .text.__hi0bits
                0x0000000000046144       0x68 d:/fpga/nios2eds/bin/gnu/h-x86_64-mingw32/bin/../lib/gcc/nios2-elf/5.3.0/../../../../../H-x86_64-mingw32/nios2-elf/lib\libc.a(lib_a-mprec.o)
                0x0000000000046144                __hi0bits
 .text.__lo0bits
                0x00000000000461ac       0xb0 d:/fpga/nios2eds/bin/gnu/h-x86_64-mingw32/bin/../lib/gcc/nios2-elf/5.3.0/../../../../../H-x86_64-mingw32/nios2-elf/lib\libc.a(lib_a-mprec.o)
                0x00000000000461ac                __lo0bits
 .text.__i2b    0x000000000004625c       0x3c d:/fpga/nios2eds/bin/gnu/h-x86_64-mingw32/bin/../lib/gcc/nios2-elf/5.3.0/../../../../../H-x86_64-mingw32/nios2-elf/lib\libc.a(lib_a-mprec.o)
                0x000000000004625c                __i2b
 .text.__multiply
                0x0000000000046298      0x1f8 d:/fpga/nios2eds/bin/gnu/h-x86_64-mingw32/bin/../lib/gcc/nios2-elf/5.3.0/../../../../../H-x86_64-mingw32/nios2-elf/lib\libc.a(lib_a-mprec.o)
                0x0000000000046298                __multiply
 .text.__pow5mult
                0x0000000000046490      0x140 d:/fpga/nios2eds/bin/gnu/h-x86_64-mingw32/bin/../lib/gcc/nios2-elf/5.3.0/../../../../../H-x86_64-mingw32/nios2-elf/lib\libc.a(lib_a-mprec.o)
                0x0000000000046490                __pow5mult
 .text.__lshift
                0x00000000000465d0      0x148 d:/fpga/nios2eds/bin/gnu/h-x86_64-mingw32/bin/../lib/gcc/nios2-elf/5.3.0/../../../../../H-x86_64-mingw32/nios2-elf/lib\libc.a(lib_a-mprec.o)
                0x00000000000465d0                __lshift
 .text.__mcmp   0x0000000000046718       0x60 d:/fpga/nios2eds/bin/gnu/h-x86_64-mingw32/bin/../lib/gcc/nios2-elf/5.3.0/../../../../../H-x86_64-mingw32/nios2-elf/lib\libc.a(lib_a-mprec.o)
                0x0000000000046718                __mcmp
 .text.__mdiff  0x0000000000046778      0x1fc d:/fpga/nios2eds/bin/gnu/h-x86_64-mingw32/bin/../lib/gcc/nios2-elf/5.3.0/../../../../../H-x86_64-mingw32/nios2-elf/lib\libc.a(lib_a-mprec.o)
                0x0000000000046778                __mdiff
 .text.__ulp    0x0000000000046974       0x64 d:/fpga/nios2eds/bin/gnu/h-x86_64-mingw32/bin/../lib/gcc/nios2-elf/5.3.0/../../../../../H-x86_64-mingw32/nios2-elf/lib\libc.a(lib_a-mprec.o)
                0x0000000000046974                __ulp
 .text.__b2d    0x00000000000469d8      0x10c d:/fpga/nios2eds/bin/gnu/h-x86_64-mingw32/bin/../lib/gcc/nios2-elf/5.3.0/../../../../../H-x86_64-mingw32/nios2-elf/lib\libc.a(lib_a-mprec.o)
                0x00000000000469d8                __b2d
 .text.__d2b    0x0000000000046ae4      0x14c d:/fpga/nios2eds/bin/gnu/h-x86_64-mingw32/bin/../lib/gcc/nios2-elf/5.3.0/../../../../../H-x86_64-mingw32/nios2-elf/lib\libc.a(lib_a-mprec.o)
                0x0000000000046ae4                __d2b
 .text.__ratio  0x0000000000046c30       0xa4 d:/fpga/nios2eds/bin/gnu/h-x86_64-mingw32/bin/../lib/gcc/nios2-elf/5.3.0/../../../../../H-x86_64-mingw32/nios2-elf/lib\libc.a(lib_a-mprec.o)
                0x0000000000046c30                __ratio
 .text._mprec_log10
                0x0000000000046cd4       0x74 d:/fpga/nios2eds/bin/gnu/h-x86_64-mingw32/bin/../lib/gcc/nios2-elf/5.3.0/../../../../../H-x86_64-mingw32/nios2-elf/lib\libc.a(lib_a-mprec.o)
                0x0000000000046cd4                _mprec_log10
 .text.__copybits
                0x0000000000046d48       0x78 d:/fpga/nios2eds/bin/gnu/h-x86_64-mingw32/bin/../lib/gcc/nios2-elf/5.3.0/../../../../../H-x86_64-mingw32/nios2-elf/lib\libc.a(lib_a-mprec.o)
                0x0000000000046d48                __copybits
 .text.__any_on
                0x0000000000046dc0       0x8c d:/fpga/nios2eds/bin/gnu/h-x86_64-mingw32/bin/../lib/gcc/nios2-elf/5.3.0/../../../../../H-x86_64-mingw32/nios2-elf/lib\libc.a(lib_a-mprec.o)
                0x0000000000046dc0                __any_on
 .text          0x0000000000046e4c        0x0 d:/fpga/nios2eds/bin/gnu/h-x86_64-mingw32/bin/../lib/gcc/nios2-elf/5.3.0/../../../../../H-x86_64-mingw32/nios2-elf/lib\libc.a(lib_a-s_fpclassify.o)
 .text.__fpclassifyd
                0x0000000000046e4c       0x74 d:/fpga/nios2eds/bin/gnu/h-x86_64-mingw32/bin/../lib/gcc/nios2-elf/5.3.0/../../../../../H-x86_64-mingw32/nios2-elf/lib\libc.a(lib_a-s_fpclassify.o)
                0x0000000000046e4c                __fpclassifyd
 .text          0x0000000000046ec0        0x0 d:/fpga/nios2eds/bin/gnu/h-x86_64-mingw32/bin/../lib/gcc/nios2-elf/5.3.0/../../../../../H-x86_64-mingw32/nios2-elf/lib\libc.a(lib_a-sbrkr.o)
 .text._sbrk_r  0x0000000000046ec0       0x54 d:/fpga/nios2eds/bin/gnu/h-x86_64-mingw32/bin/../lib/gcc/nios2-elf/5.3.0/../../../../../H-x86_64-mingw32/nios2-elf/lib\libc.a(lib_a-sbrkr.o)
                0x0000000000046ec0                _sbrk_r
 .text          0x0000000000046f14        0x0 d:/fpga/nios2eds/bin/gnu/h-x86_64-mingw32/bin/../lib/gcc/nios2-elf/5.3.0/../../../../../H-x86_64-mingw32/nios2-elf/lib\libc.a(lib_a-stdio.o)
 .text.__sread  0x0000000000046f14       0x54 d:/fpga/nios2eds/bin/gnu/h-x86_64-mingw32/bin/../lib/gcc/nios2-elf/5.3.0/../../../../../H-x86_64-mingw32/nios2-elf/lib\libc.a(lib_a-stdio.o)
                0x0000000000046f14                __sread
 .text.__seofread
                0x0000000000046f68        0x8 d:/fpga/nios2eds/bin/gnu/h-x86_64-mingw32/bin/../lib/gcc/nios2-elf/5.3.0/../../../../../H-x86_64-mingw32/nios2-elf/lib\libc.a(lib_a-stdio.o)
                0x0000000000046f68                __seofread
 .text.__swrite
                0x0000000000046f70       0x7c d:/fpga/nios2eds/bin/gnu/h-x86_64-mingw32/bin/../lib/gcc/nios2-elf/5.3.0/../../../../../H-x86_64-mingw32/nios2-elf/lib\libc.a(lib_a-stdio.o)
                0x0000000000046f70                __swrite
 .text.__sseek  0x0000000000046fec       0x5c d:/fpga/nios2eds/bin/gnu/h-x86_64-mingw32/bin/../lib/gcc/nios2-elf/5.3.0/../../../../../H-x86_64-mingw32/nios2-elf/lib\libc.a(lib_a-stdio.o)
                0x0000000000046fec                __sseek
 .text.__sclose
                0x0000000000047048        0x8 d:/fpga/nios2eds/bin/gnu/h-x86_64-mingw32/bin/../lib/gcc/nios2-elf/5.3.0/../../../../../H-x86_64-mingw32/nios2-elf/lib\libc.a(lib_a-stdio.o)
                0x0000000000047048                __sclose
 .text          0x0000000000047050        0x0 d:/fpga/nios2eds/bin/gnu/h-x86_64-mingw32/bin/../lib/gcc/nios2-elf/5.3.0/../../../../../H-x86_64-mingw32/nios2-elf/lib\libc.a(lib_a-strcmp.o)
 .text.strcmp   0x0000000000047050       0xdc d:/fpga/nios2eds/bin/gnu/h-x86_64-mingw32/bin/../lib/gcc/nios2-elf/5.3.0/../../../../../H-x86_64-mingw32/nios2-elf/lib\libc.a(lib_a-strcmp.o)
                0x0000000000047050                strcmp
 .text          0x000000000004712c        0x0 d:/fpga/nios2eds/bin/gnu/h-x86_64-mingw32/bin/../lib/gcc/nios2-elf/5.3.0/../../../../../H-x86_64-mingw32/nios2-elf/lib\libc.a(lib_a-strlen.o)
 .text.strlen   0x000000000004712c       0x98 d:/fpga/nios2eds/bin/gnu/h-x86_64-mingw32/bin/../lib/gcc/nios2-elf/5.3.0/../../../../../H-x86_64-mingw32/nios2-elf/lib\libc.a(lib_a-strlen.o)
                0x000000000004712c                strlen
 .text          0x00000000000471c4        0x0 d:/fpga/nios2eds/bin/gnu/h-x86_64-mingw32/bin/../lib/gcc/nios2-elf/5.3.0/../../../../../H-x86_64-mingw32/nios2-elf/lib\libc.a(lib_a-vfiprintf.o)
 .text.__sprint_r.part.0
                0x00000000000471c4       0xfc d:/fpga/nios2eds/bin/gnu/h-x86_64-mingw32/bin/../lib/gcc/nios2-elf/5.3.0/../../../../../H-x86_64-mingw32/nios2-elf/lib\libc.a(lib_a-vfiprintf.o)
 .text.__sprint_r
                0x00000000000472c0       0x18 d:/fpga/nios2eds/bin/gnu/h-x86_64-mingw32/bin/../lib/gcc/nios2-elf/5.3.0/../../../../../H-x86_64-mingw32/nios2-elf/lib\libc.a(lib_a-vfiprintf.o)
                0x00000000000472c0                __sprint_r
 .text.___vfiprintf_internal_r
                0x00000000000472d8     0x145c d:/fpga/nios2eds/bin/gnu/h-x86_64-mingw32/bin/../lib/gcc/nios2-elf/5.3.0/../../../../../H-x86_64-mingw32/nios2-elf/lib\libc.a(lib_a-vfiprintf.o)
                0x00000000000472d8                ___vfiprintf_internal_r
 .text.__vfiprintf_internal
                0x0000000000048734       0x1c d:/fpga/nios2eds/bin/gnu/h-x86_64-mingw32/bin/../lib/gcc/nios2-elf/5.3.0/../../../../../H-x86_64-mingw32/nios2-elf/lib\libc.a(lib_a-vfiprintf.o)
                0x0000000000048734                __vfiprintf_internal
 .text.__sbprintf
                0x0000000000048750       0xbc d:/fpga/nios2eds/bin/gnu/h-x86_64-mingw32/bin/../lib/gcc/nios2-elf/5.3.0/../../../../../H-x86_64-mingw32/nios2-elf/lib\libc.a(lib_a-vfiprintf.o)
 .text          0x000000000004880c        0x0 d:/fpga/nios2eds/bin/gnu/h-x86_64-mingw32/bin/../lib/gcc/nios2-elf/5.3.0/../../../../../H-x86_64-mingw32/nios2-elf/lib\libc.a(lib_a-writer.o)
 .text._write_r
                0x000000000004880c       0x60 d:/fpga/nios2eds/bin/gnu/h-x86_64-mingw32/bin/../lib/gcc/nios2-elf/5.3.0/../../../../../H-x86_64-mingw32/nios2-elf/lib\libc.a(lib_a-writer.o)
                0x000000000004880c                _write_r
 .text          0x000000000004886c        0x0 d:/fpga/nios2eds/bin/gnu/h-x86_64-mingw32/bin/../lib/gcc/nios2-elf/5.3.0/../../../../../H-x86_64-mingw32/nios2-elf/lib\libc.a(closer.o)
 .text._close_r
                0x000000000004886c       0x54 d:/fpga/nios2eds/bin/gnu/h-x86_64-mingw32/bin/../lib/gcc/nios2-elf/5.3.0/../../../../../H-x86_64-mingw32/nios2-elf/lib\libc.a(closer.o)
                0x000000000004886c                _close_r
 .text          0x00000000000488c0        0x0 d:/fpga/nios2eds/bin/gnu/h-x86_64-mingw32/bin/../lib/gcc/nios2-elf/5.3.0/../../../../../H-x86_64-mingw32/nios2-elf/lib\libc.a(lib_a-callocr.o)
 .text._calloc_r
                0x00000000000488c0       0xc4 d:/fpga/nios2eds/bin/gnu/h-x86_64-mingw32/bin/../lib/gcc/nios2-elf/5.3.0/../../../../../H-x86_64-mingw32/nios2-elf/lib\libc.a(lib_a-callocr.o)
                0x00000000000488c0                _calloc_r
 .text          0x0000000000048984        0x0 d:/fpga/nios2eds/bin/gnu/h-x86_64-mingw32/bin/../lib/gcc/nios2-elf/5.3.0/../../../../../H-x86_64-mingw32/nios2-elf/lib\libc.a(lib_a-fclose.o)
 .text._fclose_r
                0x0000000000048984       0xf0 d:/fpga/nios2eds/bin/gnu/h-x86_64-mingw32/bin/../lib/gcc/nios2-elf/5.3.0/../../../../../H-x86_64-mingw32/nios2-elf/lib\libc.a(lib_a-fclose.o)
                0x0000000000048984                _fclose_r
 .text.fclose   0x0000000000048a74       0x14 d:/fpga/nios2eds/bin/gnu/h-x86_64-mingw32/bin/../lib/gcc/nios2-elf/5.3.0/../../../../../H-x86_64-mingw32/nios2-elf/lib\libc.a(lib_a-fclose.o)
                0x0000000000048a74                fclose
 .text          0x0000000000048a88        0x0 d:/fpga/nios2eds/bin/gnu/h-x86_64-mingw32/bin/../lib/gcc/nios2-elf/5.3.0/../../../../../H-x86_64-mingw32/nios2-elf/lib\libc.a(lib_a-fputwc.o)
 .text.__fputwc
                0x0000000000048a88      0x164 d:/fpga/nios2eds/bin/gnu/h-x86_64-mingw32/bin/../lib/gcc/nios2-elf/5.3.0/../../../../../H-x86_64-mingw32/nios2-elf/lib\libc.a(lib_a-fputwc.o)
                0x0000000000048a88                __fputwc
 .text._fputwc_r
                0x0000000000048bec       0x24 d:/fpga/nios2eds/bin/gnu/h-x86_64-mingw32/bin/../lib/gcc/nios2-elf/5.3.0/../../../../../H-x86_64-mingw32/nios2-elf/lib\libc.a(lib_a-fputwc.o)
                0x0000000000048bec                _fputwc_r
 .text.fputwc   0x0000000000048c10       0x80 d:/fpga/nios2eds/bin/gnu/h-x86_64-mingw32/bin/../lib/gcc/nios2-elf/5.3.0/../../../../../H-x86_64-mingw32/nios2-elf/lib\libc.a(lib_a-fputwc.o)
                0x0000000000048c10                fputwc
 .text          0x0000000000048c90        0x0 d:/fpga/nios2eds/bin/gnu/h-x86_64-mingw32/bin/../lib/gcc/nios2-elf/5.3.0/../../../../../H-x86_64-mingw32/nios2-elf/lib\libc.a(lib_a-fstatr.o)
 .text._fstat_r
                0x0000000000048c90       0x5c d:/fpga/nios2eds/bin/gnu/h-x86_64-mingw32/bin/../lib/gcc/nios2-elf/5.3.0/../../../../../H-x86_64-mingw32/nios2-elf/lib\libc.a(lib_a-fstatr.o)
                0x0000000000048c90                _fstat_r
 .text          0x0000000000048cec        0x0 d:/fpga/nios2eds/bin/gnu/h-x86_64-mingw32/bin/../lib/gcc/nios2-elf/5.3.0/../../../../../H-x86_64-mingw32/nios2-elf/lib\libc.a(lib_a-fvwrite.o)
 .text.__sfvwrite_r
                0x0000000000048cec      0x4bc d:/fpga/nios2eds/bin/gnu/h-x86_64-mingw32/bin/../lib/gcc/nios2-elf/5.3.0/../../../../../H-x86_64-mingw32/nios2-elf/lib\libc.a(lib_a-fvwrite.o)
                0x0000000000048cec                __sfvwrite_r
 .text          0x00000000000491a8        0x0 d:/fpga/nios2eds/bin/gnu/h-x86_64-mingw32/bin/../lib/gcc/nios2-elf/5.3.0/../../../../../H-x86_64-mingw32/nios2-elf/lib\libc.a(lib_a-int_errno.o)
 .text          0x00000000000491a8        0x0 d:/fpga/nios2eds/bin/gnu/h-x86_64-mingw32/bin/../lib/gcc/nios2-elf/5.3.0/../../../../../H-x86_64-mingw32/nios2-elf/lib\libc.a(lib_a-isattyr.o)
 .text._isatty_r
                0x00000000000491a8       0x54 d:/fpga/nios2eds/bin/gnu/h-x86_64-mingw32/bin/../lib/gcc/nios2-elf/5.3.0/../../../../../H-x86_64-mingw32/nios2-elf/lib\libc.a(lib_a-isattyr.o)
                0x00000000000491a8                _isatty_r
 .text          0x00000000000491fc        0x0 d:/fpga/nios2eds/bin/gnu/h-x86_64-mingw32/bin/../lib/gcc/nios2-elf/5.3.0/../../../../../H-x86_64-mingw32/nios2-elf/lib\libc.a(lib_a-lseekr.o)
 .text._lseek_r
                0x00000000000491fc       0x60 d:/fpga/nios2eds/bin/gnu/h-x86_64-mingw32/bin/../lib/gcc/nios2-elf/5.3.0/../../../../../H-x86_64-mingw32/nios2-elf/lib\libc.a(lib_a-lseekr.o)
                0x00000000000491fc                _lseek_r
 .text          0x000000000004925c        0x0 d:/fpga/nios2eds/bin/gnu/h-x86_64-mingw32/bin/../lib/gcc/nios2-elf/5.3.0/../../../../../H-x86_64-mingw32/nios2-elf/lib\libc.a(lib_a-memmove.o)
 .text.memmove  0x000000000004925c      0x15c d:/fpga/nios2eds/bin/gnu/h-x86_64-mingw32/bin/../lib/gcc/nios2-elf/5.3.0/../../../../../H-x86_64-mingw32/nios2-elf/lib\libc.a(lib_a-memmove.o)
                0x000000000004925c                memmove
 .text          0x00000000000493b8        0x0 d:/fpga/nios2eds/bin/gnu/h-x86_64-mingw32/bin/../lib/gcc/nios2-elf/5.3.0/../../../../../H-x86_64-mingw32/nios2-elf/lib\libc.a(lib_a-readr.o)
 .text._read_r  0x00000000000493b8       0x60 d:/fpga/nios2eds/bin/gnu/h-x86_64-mingw32/bin/../lib/gcc/nios2-elf/5.3.0/../../../../../H-x86_64-mingw32/nios2-elf/lib\libc.a(lib_a-readr.o)
                0x00000000000493b8                _read_r
 .text          0x0000000000049418        0x0 d:/fpga/nios2eds/bin/gnu/h-x86_64-mingw32/bin/../lib/gcc/nios2-elf/5.3.0/../../../../../H-x86_64-mingw32/nios2-elf/lib\libc.a(lib_a-reallocr.o)
 .text._realloc_r
                0x0000000000049418      0x564 d:/fpga/nios2eds/bin/gnu/h-x86_64-mingw32/bin/../lib/gcc/nios2-elf/5.3.0/../../../../../H-x86_64-mingw32/nios2-elf/lib\libc.a(lib_a-reallocr.o)
                0x0000000000049418                _realloc_r
 .text          0x000000000004997c        0x0 d:/fpga/nios2eds/bin/gnu/h-x86_64-mingw32/bin/../lib/gcc/nios2-elf/5.3.0/../../../../../H-x86_64-mingw32/nios2-elf/lib\libc.a(lib_a-wbuf.o)
 .text.__swbuf_r
                0x000000000004997c      0x140 d:/fpga/nios2eds/bin/gnu/h-x86_64-mingw32/bin/../lib/gcc/nios2-elf/5.3.0/../../../../../H-x86_64-mingw32/nios2-elf/lib\libc.a(lib_a-wbuf.o)
                0x000000000004997c                __swbuf_r
 .text.__swbuf  0x0000000000049abc       0x18 d:/fpga/nios2eds/bin/gnu/h-x86_64-mingw32/bin/../lib/gcc/nios2-elf/5.3.0/../../../../../H-x86_64-mingw32/nios2-elf/lib\libc.a(lib_a-wbuf.o)
                0x0000000000049abc                __swbuf
 .text          0x0000000000049ad4        0x0 d:/fpga/nios2eds/bin/gnu/h-x86_64-mingw32/bin/../lib/gcc/nios2-elf/5.3.0/../../../../../H-x86_64-mingw32/nios2-elf/lib\libc.a(lib_a-wcrtomb.o)
 .text._wcrtomb_r
                0x0000000000049ad4       0x9c d:/fpga/nios2eds/bin/gnu/h-x86_64-mingw32/bin/../lib/gcc/nios2-elf/5.3.0/../../../../../H-x86_64-mingw32/nios2-elf/lib\libc.a(lib_a-wcrtomb.o)
                0x0000000000049ad4                _wcrtomb_r
 .text.wcrtomb  0x0000000000049b70       0xc0 d:/fpga/nios2eds/bin/gnu/h-x86_64-mingw32/bin/../lib/gcc/nios2-elf/5.3.0/../../../../../H-x86_64-mingw32/nios2-elf/lib\libc.a(lib_a-wcrtomb.o)
                0x0000000000049b70                wcrtomb
 .text          0x0000000000049c30        0x0 d:/fpga/nios2eds/bin/gnu/h-x86_64-mingw32/bin/../lib/gcc/nios2-elf/5.3.0/../../../../../H-x86_64-mingw32/nios2-elf/lib\libc.a(lib_a-wctomb_r.o)
 .text.__ascii_wctomb
                0x0000000000049c30       0x30 d:/fpga/nios2eds/bin/gnu/h-x86_64-mingw32/bin/../lib/gcc/nios2-elf/5.3.0/../../../../../H-x86_64-mingw32/nios2-elf/lib\libc.a(lib_a-wctomb_r.o)
                0x0000000000049c30                __ascii_wctomb
 .text._wctomb_r
                0x0000000000049c60       0x5c d:/fpga/nios2eds/bin/gnu/h-x86_64-mingw32/bin/../lib/gcc/nios2-elf/5.3.0/../../../../../H-x86_64-mingw32/nios2-elf/lib\libc.a(lib_a-wctomb_r.o)
                0x0000000000049c60                _wctomb_r
 .text          0x0000000000049cbc      0x578 d:/fpga/nios2eds/bin/gnu/h-x86_64-mingw32/bin/../lib/gcc/nios2-elf/5.3.0\libgcc.a(_udivdi3.o)
                0x0000000000049cbc                __udivdi3
 .text          0x000000000004a234      0x538 d:/fpga/nios2eds/bin/gnu/h-x86_64-mingw32/bin/../lib/gcc/nios2-elf/5.3.0\libgcc.a(_umoddi3.o)
                0x000000000004a234                __umoddi3
 .text          0x000000000004a76c      0x1b4 d:/fpga/nios2eds/bin/gnu/h-x86_64-mingw32/bin/../lib/gcc/nios2-elf/5.3.0\libgcc.a(lib2-divmod.o)
                0x000000000004a76c                __divsi3
                0x000000000004a7f0                __modsi3
                0x000000000004a864                __udivsi3
                0x000000000004a8c8                __umodsi3
 .text          0x000000000004a920      0x8ac d:/fpga/nios2eds/bin/gnu/h-x86_64-mingw32/bin/../lib/gcc/nios2-elf/5.3.0\libgcc.a(adddf3.o)
                0x000000000004a920                __adddf3
 .text          0x000000000004b1cc      0x8e8 d:/fpga/nios2eds/bin/gnu/h-x86_64-mingw32/bin/../lib/gcc/nios2-elf/5.3.0\libgcc.a(divdf3.o)
                0x000000000004b1cc                __divdf3
 .text          0x000000000004bab4       0x88 d:/fpga/nios2eds/bin/gnu/h-x86_64-mingw32/bin/../lib/gcc/nios2-elf/5.3.0\libgcc.a(eqdf2.o)
                0x000000000004bab4                __nedf2
                0x000000000004bab4                __eqdf2
 .text          0x000000000004bb3c       0xdc d:/fpga/nios2eds/bin/gnu/h-x86_64-mingw32/bin/../lib/gcc/nios2-elf/5.3.0\libgcc.a(gedf2.o)
                0x000000000004bb3c                __gedf2
                0x000000000004bb3c                __gtdf2
 .text          0x000000000004bc18       0xf4 d:/fpga/nios2eds/bin/gnu/h-x86_64-mingw32/bin/../lib/gcc/nios2-elf/5.3.0\libgcc.a(ledf2.o)
                0x000000000004bc18                __ledf2
                0x000000000004bc18                __ltdf2
 .text          0x000000000004bd0c      0x718 d:/fpga/nios2eds/bin/gnu/h-x86_64-mingw32/bin/../lib/gcc/nios2-elf/5.3.0\libgcc.a(muldf3.o)
                0x000000000004bd0c                __muldf3
 .text          0x000000000004c424      0x8fc d:/fpga/nios2eds/bin/gnu/h-x86_64-mingw32/bin/../lib/gcc/nios2-elf/5.3.0\libgcc.a(subdf3.o)
                0x000000000004c424                __subdf3
 .text          0x000000000004cd20       0x80 d:/fpga/nios2eds/bin/gnu/h-x86_64-mingw32/bin/../lib/gcc/nios2-elf/5.3.0\libgcc.a(fixdfsi.o)
                0x000000000004cd20                __fixdfsi
 .text          0x000000000004cda0       0xdc d:/fpga/nios2eds/bin/gnu/h-x86_64-mingw32/bin/../lib/gcc/nios2-elf/5.3.0\libgcc.a(floatsidf.o)
                0x000000000004cda0                __floatsidf
 .text          0x000000000004ce7c       0xa8 d:/fpga/nios2eds/bin/gnu/h-x86_64-mingw32/bin/../lib/gcc/nios2-elf/5.3.0\libgcc.a(floatunsidf.o)
                0x000000000004ce7c                __floatunsidf
 .text          0x000000000004cf24        0x0 d:/fpga/nios2eds/bin/gnu/h-x86_64-mingw32/bin/../lib/gcc/nios2-elf/5.3.0\libgcc.a(_clz.o)
 .text          0x000000000004cf24       0x64 d:/fpga/nios2eds/bin/gnu/h-x86_64-mingw32/bin/../lib/gcc/nios2-elf/5.3.0\libgcc.a(_clzsi2.o)
                0x000000000004cf24                __clzsi2
 .text          0x000000000004cf88      0x10c D:/embeddedlabs/RTES_lab1/onchip_instrCacheDisabled_dataCacheDisabled/analysis2_custom_parallel_port_onchip_dis_dis_bsp/\libhal_bsp.a(alt_close.o)
                0x000000000004cfc4                close
 .text          0x000000000004d094       0x2c D:/embeddedlabs/RTES_lab1/onchip_instrCacheDisabled_dataCacheDisabled/analysis2_custom_parallel_port_onchip_dis_dis_bsp/\libhal_bsp.a(alt_dev.o)
 .text          0x000000000004d0c0        0x0 D:/embeddedlabs/RTES_lab1/onchip_instrCacheDisabled_dataCacheDisabled/analysis2_custom_parallel_port_onchip_dis_dis_bsp/\libhal_bsp.a(alt_errno.o)
 .text          0x000000000004d0c0       0xec D:/embeddedlabs/RTES_lab1/onchip_instrCacheDisabled_dataCacheDisabled/analysis2_custom_parallel_port_onchip_dis_dis_bsp/\libhal_bsp.a(alt_fstat.o)
                0x000000000004d0fc                fstat
 .text          0x000000000004d1ac      0x1b0 D:/embeddedlabs/RTES_lab1/onchip_instrCacheDisabled_dataCacheDisabled/analysis2_custom_parallel_port_onchip_dis_dis_bsp/\libhal_bsp.a(alt_iic.o)
                0x000000000004d1ac                alt_ic_isr_register
                0x000000000004d1fc                alt_ic_irq_enable
                0x000000000004d284                alt_ic_irq_disable
                0x000000000004d310                alt_ic_irq_enabled
 .text          0x000000000004d35c       0xf0 D:/embeddedlabs/RTES_lab1/onchip_instrCacheDisabled_dataCacheDisabled/analysis2_custom_parallel_port_onchip_dis_dis_bsp/\libhal_bsp.a(alt_iic_isr_register.o)
                0x000000000004d35c                alt_iic_isr_register
 .text          0x000000000004d44c        0x0 D:/embeddedlabs/RTES_lab1/onchip_instrCacheDisabled_dataCacheDisabled/analysis2_custom_parallel_port_onchip_dis_dis_bsp/\libhal_bsp.a(alt_irq_entry.o)
 .text          0x000000000004d44c        0x0 D:/embeddedlabs/RTES_lab1/onchip_instrCacheDisabled_dataCacheDisabled/analysis2_custom_parallel_port_onchip_dis_dis_bsp/\libhal_bsp.a(alt_irq_handler.o)
 .text          0x000000000004d44c        0x0 D:/embeddedlabs/RTES_lab1/onchip_instrCacheDisabled_dataCacheDisabled/analysis2_custom_parallel_port_onchip_dis_dis_bsp/\libhal_bsp.a(alt_irq_vars.o)
 .text          0x000000000004d44c       0xe0 D:/embeddedlabs/RTES_lab1/onchip_instrCacheDisabled_dataCacheDisabled/analysis2_custom_parallel_port_onchip_dis_dis_bsp/\libhal_bsp.a(alt_isatty.o)
                0x000000000004d488                isatty
 .text          0x000000000004d52c       0xec D:/embeddedlabs/RTES_lab1/onchip_instrCacheDisabled_dataCacheDisabled/analysis2_custom_parallel_port_onchip_dis_dis_bsp/\libhal_bsp.a(alt_load.o)
                0x000000000004d594                alt_load
 .text          0x000000000004d618      0x110 D:/embeddedlabs/RTES_lab1/onchip_instrCacheDisabled_dataCacheDisabled/analysis2_custom_parallel_port_onchip_dis_dis_bsp/\libhal_bsp.a(alt_lseek.o)
                0x000000000004d654                lseek
 .text          0x000000000004d728       0x7c D:/embeddedlabs/RTES_lab1/onchip_instrCacheDisabled_dataCacheDisabled/analysis2_custom_parallel_port_onchip_dis_dis_bsp/\libhal_bsp.a(alt_main.o)
                0x000000000004d728                alt_main
 .text          0x000000000004d7a4       0x48 D:/embeddedlabs/RTES_lab1/onchip_instrCacheDisabled_dataCacheDisabled/analysis2_custom_parallel_port_onchip_dis_dis_bsp/\libhal_bsp.a(alt_malloc_lock.o)
                0x000000000004d7a4                __malloc_lock
                0x000000000004d7c8                __malloc_unlock
 .text          0x000000000004d7ec      0x22c D:/embeddedlabs/RTES_lab1/onchip_instrCacheDisabled_dataCacheDisabled/analysis2_custom_parallel_port_onchip_dis_dis_bsp/\libhal_bsp.a(alt_printf.o)
                0x000000000004d7ec                alt_printf
 .text          0x000000000004da18       0x3c D:/embeddedlabs/RTES_lab1/onchip_instrCacheDisabled_dataCacheDisabled/analysis2_custom_parallel_port_onchip_dis_dis_bsp/\libhal_bsp.a(alt_putchar.o)
                0x000000000004da18                alt_putchar
 .text          0x000000000004da54      0x138 D:/embeddedlabs/RTES_lab1/onchip_instrCacheDisabled_dataCacheDisabled/analysis2_custom_parallel_port_onchip_dis_dis_bsp/\libhal_bsp.a(alt_read.o)
                0x000000000004da90                read
 .text          0x000000000004db8c       0x64 D:/embeddedlabs/RTES_lab1/onchip_instrCacheDisabled_dataCacheDisabled/analysis2_custom_parallel_port_onchip_dis_dis_bsp/\libhal_bsp.a(alt_release_fd.o)
                0x000000000004db8c                alt_release_fd
 .text          0x000000000004dbf0       0xb0 D:/embeddedlabs/RTES_lab1/onchip_instrCacheDisabled_dataCacheDisabled/analysis2_custom_parallel_port_onchip_dis_dis_bsp/\libhal_bsp.a(alt_sbrk.o)
                0x000000000004dbf0                sbrk
 .text          0x000000000004dca0      0x134 D:/embeddedlabs/RTES_lab1/onchip_instrCacheDisabled_dataCacheDisabled/analysis2_custom_parallel_port_onchip_dis_dis_bsp/\libhal_bsp.a(alt_write.o)
                0x000000000004dcdc                write
 .text          0x000000000004ddd4       0xd4 D:/embeddedlabs/RTES_lab1/onchip_instrCacheDisabled_dataCacheDisabled/analysis2_custom_parallel_port_onchip_dis_dis_bsp/\libhal_bsp.a(alt_sys_init.o)
                0x000000000004de08                alt_irq_init
                0x000000000004de40                alt_sys_init
 .text          0x000000000004dea8      0x164 D:/embeddedlabs/RTES_lab1/onchip_instrCacheDisabled_dataCacheDisabled/analysis2_custom_parallel_port_onchip_dis_dis_bsp/\libhal_bsp.a(altera_avalon_jtag_uart_fd.o)
                0x000000000004dea8                altera_avalon_jtag_uart_read_fd
                0x000000000004df08                altera_avalon_jtag_uart_write_fd
                0x000000000004df68                altera_avalon_jtag_uart_close_fd
                0x000000000004dfb8                altera_avalon_jtag_uart_ioctl_fd
 .text          0x000000000004e00c      0x3d4 D:/embeddedlabs/RTES_lab1/onchip_instrCacheDisabled_dataCacheDisabled/analysis2_custom_parallel_port_onchip_dis_dis_bsp/\libhal_bsp.a(altera_avalon_jtag_uart_init.o)
                0x000000000004e00c                altera_avalon_jtag_uart_init
                0x000000000004e378                altera_avalon_jtag_uart_close
 .text          0x000000000004e3e0       0xf0 D:/embeddedlabs/RTES_lab1/onchip_instrCacheDisabled_dataCacheDisabled/analysis2_custom_parallel_port_onchip_dis_dis_bsp/\libhal_bsp.a(altera_avalon_jtag_uart_ioctl.o)
                0x000000000004e3e0                altera_avalon_jtag_uart_ioctl
 .text          0x000000000004e4d0      0x21c D:/embeddedlabs/RTES_lab1/onchip_instrCacheDisabled_dataCacheDisabled/analysis2_custom_parallel_port_onchip_dis_dis_bsp/\libhal_bsp.a(altera_avalon_jtag_uart_read.o)
                0x000000000004e4d0                altera_avalon_jtag_uart_read
 .text          0x000000000004e6ec      0x224 D:/embeddedlabs/RTES_lab1/onchip_instrCacheDisabled_dataCacheDisabled/analysis2_custom_parallel_port_onchip_dis_dis_bsp/\libhal_bsp.a(altera_avalon_jtag_uart_write.o)
                0x000000000004e6ec                altera_avalon_jtag_uart_write
 .text          0x000000000004e910       0xf4 D:/embeddedlabs/RTES_lab1/onchip_instrCacheDisabled_dataCacheDisabled/analysis2_custom_parallel_port_onchip_dis_dis_bsp/\libhal_bsp.a(altera_avalon_timer_sc.o)
                0x000000000004e988                alt_avalon_timer_sc_init
 .text          0x000000000004ea04      0x12c D:/embeddedlabs/RTES_lab1/onchip_instrCacheDisabled_dataCacheDisabled/analysis2_custom_parallel_port_onchip_dis_dis_bsp/\libhal_bsp.a(alt_alarm_start.o)
                0x000000000004ea04                alt_alarm_start
 .text          0x000000000004eb30       0x20 D:/embeddedlabs/RTES_lab1/onchip_instrCacheDisabled_dataCacheDisabled/analysis2_custom_parallel_port_onchip_dis_dis_bsp/\libhal_bsp.a(alt_dcache_flush_all.o)
                0x000000000004eb30                alt_dcache_flush_all
 .text          0x000000000004eb50       0xe0 D:/embeddedlabs/RTES_lab1/onchip_instrCacheDisabled_dataCacheDisabled/analysis2_custom_parallel_port_onchip_dis_dis_bsp/\libhal_bsp.a(alt_dev_llist_insert.o)
                0x000000000004eb8c                alt_dev_llist_insert
 .text          0x000000000004ec30       0x60 D:/embeddedlabs/RTES_lab1/onchip_instrCacheDisabled_dataCacheDisabled/analysis2_custom_parallel_port_onchip_dis_dis_bsp/\libhal_bsp.a(alt_do_ctors.o)
                0x000000000004ec30                _do_ctors
 .text          0x000000000004ec90       0x60 D:/embeddedlabs/RTES_lab1/onchip_instrCacheDisabled_dataCacheDisabled/analysis2_custom_parallel_port_onchip_dis_dis_bsp/\libhal_bsp.a(alt_do_dtors.o)
                0x000000000004ec90                _do_dtors
 .text          0x000000000004ecf0        0x0 D:/embeddedlabs/RTES_lab1/onchip_instrCacheDisabled_dataCacheDisabled/analysis2_custom_parallel_port_onchip_dis_dis_bsp/\libhal_bsp.a(alt_exception_entry.o)
 .text          0x000000000004ecf0       0x20 D:/embeddedlabs/RTES_lab1/onchip_instrCacheDisabled_dataCacheDisabled/analysis2_custom_parallel_port_onchip_dis_dis_bsp/\libhal_bsp.a(alt_icache_flush_all.o)
                0x000000000004ecf0                alt_icache_flush_all
 .text          0x000000000004ed10       0x9c D:/embeddedlabs/RTES_lab1/onchip_instrCacheDisabled_dataCacheDisabled/analysis2_custom_parallel_port_onchip_dis_dis_bsp/\libhal_bsp.a(alt_instruction_exception_entry.o)
                0x000000000004ed10                alt_exception_cause_generated_bad_addr
 .text          0x000000000004edac      0x140 D:/embeddedlabs/RTES_lab1/onchip_instrCacheDisabled_dataCacheDisabled/analysis2_custom_parallel_port_onchip_dis_dis_bsp/\libhal_bsp.a(alt_io_redirect.o)
                0x000000000004ee70                alt_io_redirect
 .text          0x000000000004eeec      0x254 D:/embeddedlabs/RTES_lab1/onchip_instrCacheDisabled_dataCacheDisabled/analysis2_custom_parallel_port_onchip_dis_dis_bsp/\libhal_bsp.a(alt_open.o)
                0x000000000004efec                open
 .text          0x000000000004f140      0x1a4 D:/embeddedlabs/RTES_lab1/onchip_instrCacheDisabled_dataCacheDisabled/analysis2_custom_parallel_port_onchip_dis_dis_bsp/\libhal_bsp.a(alt_tick.o)
                0x000000000004f140                alt_alarm_stop
                0x000000000004f1dc                alt_tick
 .text          0x000000000004f2e4       0x24 D:/embeddedlabs/RTES_lab1/onchip_instrCacheDisabled_dataCacheDisabled/analysis2_custom_parallel_port_onchip_dis_dis_bsp/\libhal_bsp.a(altera_nios2_gen2_irq.o)
                0x000000000004f2e4                altera_nios2_gen2_irq_init
 .text          0x000000000004f308       0x90 D:/embeddedlabs/RTES_lab1/onchip_instrCacheDisabled_dataCacheDisabled/analysis2_custom_parallel_port_onchip_dis_dis_bsp/\libhal_bsp.a(alt_find_dev.o)
                0x000000000004f308                alt_find_dev
 .text          0x000000000004f398      0x108 D:/embeddedlabs/RTES_lab1/onchip_instrCacheDisabled_dataCacheDisabled/analysis2_custom_parallel_port_onchip_dis_dis_bsp/\libhal_bsp.a(alt_find_file.o)
                0x000000000004f398                alt_find_file
 .text          0x000000000004f4a0       0xa4 D:/embeddedlabs/RTES_lab1/onchip_instrCacheDisabled_dataCacheDisabled/analysis2_custom_parallel_port_onchip_dis_dis_bsp/\libhal_bsp.a(alt_get_fd.o)
                0x000000000004f4a0                alt_get_fd
 .text          0x000000000004f544        0x0 d:/fpga/nios2eds/bin/gnu/h-x86_64-mingw32/bin/../lib/gcc/nios2-elf/5.3.0/../../../../../H-x86_64-mingw32/nios2-elf/lib\libc.a(lib_a-atexit.o)
 .text.atexit   0x000000000004f544       0x14 d:/fpga/nios2eds/bin/gnu/h-x86_64-mingw32/bin/../lib/gcc/nios2-elf/5.3.0/../../../../../H-x86_64-mingw32/nios2-elf/lib\libc.a(lib_a-atexit.o)
                0x000000000004f544                atexit
 .text          0x000000000004f558        0x0 d:/fpga/nios2eds/bin/gnu/h-x86_64-mingw32/bin/../lib/gcc/nios2-elf/5.3.0/../../../../../H-x86_64-mingw32/nios2-elf/lib\libc.a(lib_a-exit.o)
 .text.exit     0x000000000004f558       0x38 d:/fpga/nios2eds/bin/gnu/h-x86_64-mingw32/bin/../lib/gcc/nios2-elf/5.3.0/../../../../../H-x86_64-mingw32/nios2-elf/lib\libc.a(lib_a-exit.o)
                0x000000000004f558                exit
 .text          0x000000000004f590        0x0 d:/fpga/nios2eds/bin/gnu/h-x86_64-mingw32/bin/../lib/gcc/nios2-elf/5.3.0/../../../../../H-x86_64-mingw32/nios2-elf/lib\libc.a(lib_a-memcmp.o)
 .text.memcmp   0x000000000004f590       0x7c d:/fpga/nios2eds/bin/gnu/h-x86_64-mingw32/bin/../lib/gcc/nios2-elf/5.3.0/../../../../../H-x86_64-mingw32/nios2-elf/lib\libc.a(lib_a-memcmp.o)
                0x000000000004f590                memcmp
 .text          0x000000000004f60c        0x0 d:/fpga/nios2eds/bin/gnu/h-x86_64-mingw32/bin/../lib/gcc/nios2-elf/5.3.0/../../../../../H-x86_64-mingw32/nios2-elf/lib\libc.a(lib_a-putc.o)
 .text._putc_r  0x000000000004f60c       0xa0 d:/fpga/nios2eds/bin/gnu/h-x86_64-mingw32/bin/../lib/gcc/nios2-elf/5.3.0/../../../../../H-x86_64-mingw32/nios2-elf/lib\libc.a(lib_a-putc.o)
                0x000000000004f60c                _putc_r
 .text.putc     0x000000000004f6ac       0xc8 d:/fpga/nios2eds/bin/gnu/h-x86_64-mingw32/bin/../lib/gcc/nios2-elf/5.3.0/../../../../../H-x86_64-mingw32/nios2-elf/lib\libc.a(lib_a-putc.o)
                0x000000000004f6ac                putc
 .text          0x000000000004f774        0x0 d:/fpga/nios2eds/bin/gnu/h-x86_64-mingw32/bin/../lib/gcc/nios2-elf/5.3.0/../../../../../H-x86_64-mingw32/nios2-elf/lib\libc.a(lib_a-__atexit.o)
 .text.__register_exitproc
                0x000000000004f774      0x118 d:/fpga/nios2eds/bin/gnu/h-x86_64-mingw32/bin/../lib/gcc/nios2-elf/5.3.0/../../../../../H-x86_64-mingw32/nios2-elf/lib\libc.a(lib_a-__atexit.o)
                0x000000000004f774                __register_exitproc
 .text          0x000000000004f88c        0x0 d:/fpga/nios2eds/bin/gnu/h-x86_64-mingw32/bin/../lib/gcc/nios2-elf/5.3.0/../../../../../H-x86_64-mingw32/nios2-elf/lib\libc.a(lib_a-__call_atexit.o)
 .text.__call_exitprocs
                0x000000000004f88c      0x180 d:/fpga/nios2eds/bin/gnu/h-x86_64-mingw32/bin/../lib/gcc/nios2-elf/5.3.0/../../../../../H-x86_64-mingw32/nios2-elf/lib\libc.a(lib_a-__call_atexit.o)
                0x000000000004f88c                __call_exitprocs
 .text          0x000000000004fa0c       0x34 D:/embeddedlabs/RTES_lab1/onchip_instrCacheDisabled_dataCacheDisabled/analysis2_custom_parallel_port_onchip_dis_dis_bsp/\libhal_bsp.a(alt_exit.o)
                0x000000000004fa0c                _exit
 *(.gnu.warning.*)
 *(.fini)
                [!provide]                        PROVIDE (__etext, ABSOLUTE (.))
                [!provide]                        PROVIDE (_etext, ABSOLUTE (.))
                [!provide]                        PROVIDE (etext, ABSOLUTE (.))
 *(.eh_frame_hdr)
                0x000000000004fa40                . = ALIGN (0x4)
                [!provide]                        PROVIDE (__preinit_array_start, ABSOLUTE (.))
 *(.preinit_array)
                [!provide]                        PROVIDE (__preinit_array_end, ABSOLUTE (.))
                [!provide]                        PROVIDE (__init_array_start, ABSOLUTE (.))
 *(.init_array)
                [!provide]                        PROVIDE (__init_array_end, ABSOLUTE (.))
                [!provide]                        PROVIDE (__fini_array_start, ABSOLUTE (.))
 *(.fini_array)
                [!provide]                        PROVIDE (__fini_array_end, ABSOLUTE (.))
 *(.eh_frame)
 *(.gcc_except_table .gcc_except_table.*)
 *(.dynamic)
                0x000000000004fa40                PROVIDE (__CTOR_LIST__, ABSOLUTE (.))
 *(.ctors)
 *(SORT(.ctors.*))
                0x000000000004fa40                PROVIDE (__CTOR_END__, ABSOLUTE (.))
                0x000000000004fa40                PROVIDE (__DTOR_LIST__, ABSOLUTE (.))
 *(.dtors)
 *(SORT(.dtors.*))
                0x000000000004fa40                PROVIDE (__DTOR_END__, ABSOLUTE (.))
 *(.jcr)
                0x000000000004fa40                . = ALIGN (0x4)

.rodata         0x000000000004fa40      0x3ac
                0x000000000004fa40                PROVIDE (__ram_rodata_start, ABSOLUTE (.))
                0x000000000004fa40                . = ALIGN (0x4)
 *(.rodata .rodata.* .gnu.linkonce.r.*)
 .rodata        0x000000000004fa40       0xad obj/default/hello_world.o
 *fill*         0x000000000004faed        0x3 
 .rodata.str1.4
                0x000000000004faf0       0x42 d:/fpga/nios2eds/bin/gnu/h-x86_64-mingw32/bin/../lib/gcc/nios2-elf/5.3.0/../../../../../H-x86_64-mingw32/nios2-elf/lib\libc.a(lib_a-vfprintf.o)
 .rodata.zeroes.4404
                0x000000000004fb32       0x10 d:/fpga/nios2eds/bin/gnu/h-x86_64-mingw32/bin/../lib/gcc/nios2-elf/5.3.0/../../../../../H-x86_64-mingw32/nios2-elf/lib\libc.a(lib_a-vfprintf.o)
 .rodata.blanks.4403
                0x000000000004fb42       0x10 d:/fpga/nios2eds/bin/gnu/h-x86_64-mingw32/bin/../lib/gcc/nios2-elf/5.3.0/../../../../../H-x86_64-mingw32/nios2-elf/lib\libc.a(lib_a-vfprintf.o)
 *fill*         0x000000000004fb52        0x2 
 .rodata.str1.4
                0x000000000004fb54       0x10 d:/fpga/nios2eds/bin/gnu/h-x86_64-mingw32/bin/../lib/gcc/nios2-elf/5.3.0/../../../../../H-x86_64-mingw32/nios2-elf/lib\libc.a(lib_a-dtoa.o)
                                         0x12 (size before relaxing)
 .rodata.str1.4
                0x000000000004fb64        0x2 d:/fpga/nios2eds/bin/gnu/h-x86_64-mingw32/bin/../lib/gcc/nios2-elf/5.3.0/../../../../../H-x86_64-mingw32/nios2-elf/lib\libc.a(lib_a-impure.o)
 *fill*         0x000000000004fb66        0x2 
 .rodata.str1.4
                0x000000000004fb68        0xc d:/fpga/nios2eds/bin/gnu/h-x86_64-mingw32/bin/../lib/gcc/nios2-elf/5.3.0/../../../../../H-x86_64-mingw32/nios2-elf/lib\libc.a(lib_a-locale.o)
                                         0x12 (size before relaxing)
 .rodata.p05.2768
                0x000000000004fb74        0xc d:/fpga/nios2eds/bin/gnu/h-x86_64-mingw32/bin/../lib/gcc/nios2-elf/5.3.0/../../../../../H-x86_64-mingw32/nios2-elf/lib\libc.a(lib_a-mprec.o)
 .rodata.__mprec_tinytens
                0x000000000004fb80       0x28 d:/fpga/nios2eds/bin/gnu/h-x86_64-mingw32/bin/../lib/gcc/nios2-elf/5.3.0/../../../../../H-x86_64-mingw32/nios2-elf/lib\libc.a(lib_a-mprec.o)
                0x000000000004fb80                __mprec_tinytens
 .rodata.__mprec_bigtens
                0x000000000004fba8       0x28 d:/fpga/nios2eds/bin/gnu/h-x86_64-mingw32/bin/../lib/gcc/nios2-elf/5.3.0/../../../../../H-x86_64-mingw32/nios2-elf/lib\libc.a(lib_a-mprec.o)
                0x000000000004fba8                __mprec_bigtens
 .rodata.__mprec_tens
                0x000000000004fbd0       0xc8 d:/fpga/nios2eds/bin/gnu/h-x86_64-mingw32/bin/../lib/gcc/nios2-elf/5.3.0/../../../../../H-x86_64-mingw32/nios2-elf/lib\libc.a(lib_a-mprec.o)
                0x000000000004fbd0                __mprec_tens
 .rodata.str1.4
                0x000000000004fc98       0x2f d:/fpga/nios2eds/bin/gnu/h-x86_64-mingw32/bin/../lib/gcc/nios2-elf/5.3.0/../../../../../H-x86_64-mingw32/nios2-elf/lib\libc.a(lib_a-vfiprintf.o)
 .rodata.zeroes.4349
                0x000000000004fc98       0x10 d:/fpga/nios2eds/bin/gnu/h-x86_64-mingw32/bin/../lib/gcc/nios2-elf/5.3.0/../../../../../H-x86_64-mingw32/nios2-elf/lib\libc.a(lib_a-vfiprintf.o)
 .rodata.blanks.4348
                0x000000000004fca8       0x10 d:/fpga/nios2eds/bin/gnu/h-x86_64-mingw32/bin/../lib/gcc/nios2-elf/5.3.0/../../../../../H-x86_64-mingw32/nios2-elf/lib\libc.a(lib_a-vfiprintf.o)
 .rodata        0x000000000004fcb8      0x100 d:/fpga/nios2eds/bin/gnu/h-x86_64-mingw32/bin/../lib/gcc/nios2-elf/5.3.0\libgcc.a(_clz.o)
                0x000000000004fcb8                __clz_tab
 .rodata        0x000000000004fdb8        0xa D:/embeddedlabs/RTES_lab1/onchip_instrCacheDisabled_dataCacheDisabled/analysis2_custom_parallel_port_onchip_dis_dis_bsp/\libhal_bsp.a(alt_dev.o)
 *fill*         0x000000000004fdc2        0x2 
 .rodata        0x000000000004fdc4       0x11 D:/embeddedlabs/RTES_lab1/onchip_instrCacheDisabled_dataCacheDisabled/analysis2_custom_parallel_port_onchip_dis_dis_bsp/\libhal_bsp.a(alt_main.o)
 *fill*         0x000000000004fdd5        0x3 
 .rodata        0x000000000004fdd8       0x11 D:/embeddedlabs/RTES_lab1/onchip_instrCacheDisabled_dataCacheDisabled/analysis2_custom_parallel_port_onchip_dis_dis_bsp/\libhal_bsp.a(alt_sys_init.o)
 *(.rodata1)
                0x000000000004fdec                . = ALIGN (0x4)
 *fill*         0x000000000004fde9        0x3 
                0x000000000004fdec                PROVIDE (__ram_rodata_end, ABSOLUTE (.))
                0x000000000004fa40                PROVIDE (__flash_rodata_start, LOADADDR (.rodata))

.rwdata         0x000000000004fdec     0x1aec load address 0x00000000000518d8
                0x000000000004fdec                PROVIDE (__ram_rwdata_start, ABSOLUTE (.))
                0x000000000004fdec                . = ALIGN (0x4)
 *(.got.plt)
 *(.got)
 *(.data1)
 *(.data .data.* .gnu.linkonce.d.*)
 .data          0x000000000004fdec        0x0 D:/embeddedlabs/RTES_lab1/onchip_instrCacheDisabled_dataCacheDisabled/analysis2_custom_parallel_port_onchip_dis_dis_bsp//obj/HAL/src/crt0.o
 .data          0x000000000004fdec        0x0 obj/default/hello_world.o
 .data          0x000000000004fdec        0x0 d:/fpga/nios2eds/bin/gnu/h-x86_64-mingw32/bin/../lib/gcc/nios2-elf/5.3.0/../../../../../H-x86_64-mingw32/nios2-elf/lib\libc.a(lib_a-printf.o)
 .data          0x000000000004fdec        0x0 d:/fpga/nios2eds/bin/gnu/h-x86_64-mingw32/bin/../lib/gcc/nios2-elf/5.3.0/../../../../../H-x86_64-mingw32/nios2-elf/lib\libc.a(lib_a-vfprintf.o)
 .data          0x000000000004fdec        0x0 d:/fpga/nios2eds/bin/gnu/h-x86_64-mingw32/bin/../lib/gcc/nios2-elf/5.3.0/../../../../../H-x86_64-mingw32/nios2-elf/lib\libc.a(lib_a-wsetup.o)
 .data          0x000000000004fdec        0x0 d:/fpga/nios2eds/bin/gnu/h-x86_64-mingw32/bin/../lib/gcc/nios2-elf/5.3.0/../../../../../H-x86_64-mingw32/nios2-elf/lib\libc.a(lib_a-dtoa.o)
 .data          0x000000000004fdec        0x0 d:/fpga/nios2eds/bin/gnu/h-x86_64-mingw32/bin/../lib/gcc/nios2-elf/5.3.0/../../../../../H-x86_64-mingw32/nios2-elf/lib\libc.a(lib_a-fflush.o)
 .data          0x000000000004fdec        0x0 d:/fpga/nios2eds/bin/gnu/h-x86_64-mingw32/bin/../lib/gcc/nios2-elf/5.3.0/../../../../../H-x86_64-mingw32/nios2-elf/lib\libc.a(lib_a-findfp.o)
 .data          0x000000000004fdec        0x0 d:/fpga/nios2eds/bin/gnu/h-x86_64-mingw32/bin/../lib/gcc/nios2-elf/5.3.0/../../../../../H-x86_64-mingw32/nios2-elf/lib\libc.a(lib_a-freer.o)
 .data          0x000000000004fdec        0x0 d:/fpga/nios2eds/bin/gnu/h-x86_64-mingw32/bin/../lib/gcc/nios2-elf/5.3.0/../../../../../H-x86_64-mingw32/nios2-elf/lib\libc.a(lib_a-fwalk.o)
 .data          0x000000000004fdec        0x0 d:/fpga/nios2eds/bin/gnu/h-x86_64-mingw32/bin/../lib/gcc/nios2-elf/5.3.0/../../../../../H-x86_64-mingw32/nios2-elf/lib\libc.a(lib_a-impure.o)
 .data.impure_data
                0x000000000004fdec      0x424 d:/fpga/nios2eds/bin/gnu/h-x86_64-mingw32/bin/../lib/gcc/nios2-elf/5.3.0/../../../../../H-x86_64-mingw32/nios2-elf/lib\libc.a(lib_a-impure.o)
 .data          0x0000000000050210        0x0 d:/fpga/nios2eds/bin/gnu/h-x86_64-mingw32/bin/../lib/gcc/nios2-elf/5.3.0/../../../../../H-x86_64-mingw32/nios2-elf/lib\libc.a(lib_a-locale.o)
 .data.lc_message_charset
                0x0000000000050210       0x20 d:/fpga/nios2eds/bin/gnu/h-x86_64-mingw32/bin/../lib/gcc/nios2-elf/5.3.0/../../../../../H-x86_64-mingw32/nios2-elf/lib\libc.a(lib_a-locale.o)
 .data.lc_ctype_charset
                0x0000000000050230       0x20 d:/fpga/nios2eds/bin/gnu/h-x86_64-mingw32/bin/../lib/gcc/nios2-elf/5.3.0/../../../../../H-x86_64-mingw32/nios2-elf/lib\libc.a(lib_a-locale.o)
 .data.lconv    0x0000000000050250       0x38 d:/fpga/nios2eds/bin/gnu/h-x86_64-mingw32/bin/../lib/gcc/nios2-elf/5.3.0/../../../../../H-x86_64-mingw32/nios2-elf/lib\libc.a(lib_a-locale.o)
 .data          0x0000000000050288        0x0 d:/fpga/nios2eds/bin/gnu/h-x86_64-mingw32/bin/../lib/gcc/nios2-elf/5.3.0/../../../../../H-x86_64-mingw32/nios2-elf/lib\libc.a(lib_a-makebuf.o)
 .data          0x0000000000050288        0x0 d:/fpga/nios2eds/bin/gnu/h-x86_64-mingw32/bin/../lib/gcc/nios2-elf/5.3.0/../../../../../H-x86_64-mingw32/nios2-elf/lib\libc.a(lib_a-mallocr.o)
 .data.__malloc_av_
                0x0000000000050288      0x408 d:/fpga/nios2eds/bin/gnu/h-x86_64-mingw32/bin/../lib/gcc/nios2-elf/5.3.0/../../../../../H-x86_64-mingw32/nios2-elf/lib\libc.a(lib_a-mallocr.o)
                0x0000000000050288                __malloc_av_
 .data          0x0000000000050690        0x0 d:/fpga/nios2eds/bin/gnu/h-x86_64-mingw32/bin/../lib/gcc/nios2-elf/5.3.0/../../../../../H-x86_64-mingw32/nios2-elf/lib\libc.a(lib_a-memchr.o)
 .data          0x0000000000050690        0x0 d:/fpga/nios2eds/bin/gnu/h-x86_64-mingw32/bin/../lib/gcc/nios2-elf/5.3.0/../../../../../H-x86_64-mingw32/nios2-elf/lib\libc.a(lib_a-memcpy.o)
 .data          0x0000000000050690        0x0 d:/fpga/nios2eds/bin/gnu/h-x86_64-mingw32/bin/../lib/gcc/nios2-elf/5.3.0/../../../../../H-x86_64-mingw32/nios2-elf/lib\libc.a(lib_a-memset.o)
 .data          0x0000000000050690        0x0 d:/fpga/nios2eds/bin/gnu/h-x86_64-mingw32/bin/../lib/gcc/nios2-elf/5.3.0/../../../../../H-x86_64-mingw32/nios2-elf/lib\libc.a(lib_a-mprec.o)
 .data          0x0000000000050690        0x0 d:/fpga/nios2eds/bin/gnu/h-x86_64-mingw32/bin/../lib/gcc/nios2-elf/5.3.0/../../../../../H-x86_64-mingw32/nios2-elf/lib\libc.a(lib_a-s_fpclassify.o)
 .data          0x0000000000050690        0x0 d:/fpga/nios2eds/bin/gnu/h-x86_64-mingw32/bin/../lib/gcc/nios2-elf/5.3.0/../../../../../H-x86_64-mingw32/nios2-elf/lib\libc.a(lib_a-sbrkr.o)
 .data          0x0000000000050690        0x0 d:/fpga/nios2eds/bin/gnu/h-x86_64-mingw32/bin/../lib/gcc/nios2-elf/5.3.0/../../../../../H-x86_64-mingw32/nios2-elf/lib\libc.a(lib_a-stdio.o)
 .data          0x0000000000050690        0x0 d:/fpga/nios2eds/bin/gnu/h-x86_64-mingw32/bin/../lib/gcc/nios2-elf/5.3.0/../../../../../H-x86_64-mingw32/nios2-elf/lib\libc.a(lib_a-strcmp.o)
 .data          0x0000000000050690        0x0 d:/fpga/nios2eds/bin/gnu/h-x86_64-mingw32/bin/../lib/gcc/nios2-elf/5.3.0/../../../../../H-x86_64-mingw32/nios2-elf/lib\libc.a(lib_a-strlen.o)
 .data          0x0000000000050690        0x0 d:/fpga/nios2eds/bin/gnu/h-x86_64-mingw32/bin/../lib/gcc/nios2-elf/5.3.0/../../../../../H-x86_64-mingw32/nios2-elf/lib\libc.a(lib_a-vfiprintf.o)
 .data          0x0000000000050690        0x0 d:/fpga/nios2eds/bin/gnu/h-x86_64-mingw32/bin/../lib/gcc/nios2-elf/5.3.0/../../../../../H-x86_64-mingw32/nios2-elf/lib\libc.a(lib_a-writer.o)
 .data          0x0000000000050690        0x0 d:/fpga/nios2eds/bin/gnu/h-x86_64-mingw32/bin/../lib/gcc/nios2-elf/5.3.0/../../../../../H-x86_64-mingw32/nios2-elf/lib\libc.a(closer.o)
 .data          0x0000000000050690        0x0 d:/fpga/nios2eds/bin/gnu/h-x86_64-mingw32/bin/../lib/gcc/nios2-elf/5.3.0/../../../../../H-x86_64-mingw32/nios2-elf/lib\libc.a(lib_a-callocr.o)
 .data          0x0000000000050690        0x0 d:/fpga/nios2eds/bin/gnu/h-x86_64-mingw32/bin/../lib/gcc/nios2-elf/5.3.0/../../../../../H-x86_64-mingw32/nios2-elf/lib\libc.a(lib_a-fclose.o)
 .data          0x0000000000050690        0x0 d:/fpga/nios2eds/bin/gnu/h-x86_64-mingw32/bin/../lib/gcc/nios2-elf/5.3.0/../../../../../H-x86_64-mingw32/nios2-elf/lib\libc.a(lib_a-fputwc.o)
 .data          0x0000000000050690        0x0 d:/fpga/nios2eds/bin/gnu/h-x86_64-mingw32/bin/../lib/gcc/nios2-elf/5.3.0/../../../../../H-x86_64-mingw32/nios2-elf/lib\libc.a(lib_a-fstatr.o)
 .data          0x0000000000050690        0x0 d:/fpga/nios2eds/bin/gnu/h-x86_64-mingw32/bin/../lib/gcc/nios2-elf/5.3.0/../../../../../H-x86_64-mingw32/nios2-elf/lib\libc.a(lib_a-fvwrite.o)
 .data          0x0000000000050690        0x0 d:/fpga/nios2eds/bin/gnu/h-x86_64-mingw32/bin/../lib/gcc/nios2-elf/5.3.0/../../../../../H-x86_64-mingw32/nios2-elf/lib\libc.a(lib_a-int_errno.o)
 .data          0x0000000000050690        0x0 d:/fpga/nios2eds/bin/gnu/h-x86_64-mingw32/bin/../lib/gcc/nios2-elf/5.3.0/../../../../../H-x86_64-mingw32/nios2-elf/lib\libc.a(lib_a-isattyr.o)
 .data          0x0000000000050690        0x0 d:/fpga/nios2eds/bin/gnu/h-x86_64-mingw32/bin/../lib/gcc/nios2-elf/5.3.0/../../../../../H-x86_64-mingw32/nios2-elf/lib\libc.a(lib_a-lseekr.o)
 .data          0x0000000000050690        0x0 d:/fpga/nios2eds/bin/gnu/h-x86_64-mingw32/bin/../lib/gcc/nios2-elf/5.3.0/../../../../../H-x86_64-mingw32/nios2-elf/lib\libc.a(lib_a-memmove.o)
 .data          0x0000000000050690        0x0 d:/fpga/nios2eds/bin/gnu/h-x86_64-mingw32/bin/../lib/gcc/nios2-elf/5.3.0/../../../../../H-x86_64-mingw32/nios2-elf/lib\libc.a(lib_a-readr.o)
 .data          0x0000000000050690        0x0 d:/fpga/nios2eds/bin/gnu/h-x86_64-mingw32/bin/../lib/gcc/nios2-elf/5.3.0/../../../../../H-x86_64-mingw32/nios2-elf/lib\libc.a(lib_a-reallocr.o)
 .data          0x0000000000050690        0x0 d:/fpga/nios2eds/bin/gnu/h-x86_64-mingw32/bin/../lib/gcc/nios2-elf/5.3.0/../../../../../H-x86_64-mingw32/nios2-elf/lib\libc.a(lib_a-wbuf.o)
 .data          0x0000000000050690        0x0 d:/fpga/nios2eds/bin/gnu/h-x86_64-mingw32/bin/../lib/gcc/nios2-elf/5.3.0/../../../../../H-x86_64-mingw32/nios2-elf/lib\libc.a(lib_a-wcrtomb.o)
 .data          0x0000000000050690        0x0 d:/fpga/nios2eds/bin/gnu/h-x86_64-mingw32/bin/../lib/gcc/nios2-elf/5.3.0/../../../../../H-x86_64-mingw32/nios2-elf/lib\libc.a(lib_a-wctomb_r.o)
 .data          0x0000000000050690        0x0 d:/fpga/nios2eds/bin/gnu/h-x86_64-mingw32/bin/../lib/gcc/nios2-elf/5.3.0\libgcc.a(_udivdi3.o)
 .data          0x0000000000050690        0x0 d:/fpga/nios2eds/bin/gnu/h-x86_64-mingw32/bin/../lib/gcc/nios2-elf/5.3.0\libgcc.a(_umoddi3.o)
 .data          0x0000000000050690        0x0 d:/fpga/nios2eds/bin/gnu/h-x86_64-mingw32/bin/../lib/gcc/nios2-elf/5.3.0\libgcc.a(lib2-divmod.o)
 .data          0x0000000000050690        0x0 d:/fpga/nios2eds/bin/gnu/h-x86_64-mingw32/bin/../lib/gcc/nios2-elf/5.3.0\libgcc.a(adddf3.o)
 .data          0x0000000000050690        0x0 d:/fpga/nios2eds/bin/gnu/h-x86_64-mingw32/bin/../lib/gcc/nios2-elf/5.3.0\libgcc.a(divdf3.o)
 .data          0x0000000000050690        0x0 d:/fpga/nios2eds/bin/gnu/h-x86_64-mingw32/bin/../lib/gcc/nios2-elf/5.3.0\libgcc.a(eqdf2.o)
 .data          0x0000000000050690        0x0 d:/fpga/nios2eds/bin/gnu/h-x86_64-mingw32/bin/../lib/gcc/nios2-elf/5.3.0\libgcc.a(gedf2.o)
 .data          0x0000000000050690        0x0 d:/fpga/nios2eds/bin/gnu/h-x86_64-mingw32/bin/../lib/gcc/nios2-elf/5.3.0\libgcc.a(ledf2.o)
 .data          0x0000000000050690        0x0 d:/fpga/nios2eds/bin/gnu/h-x86_64-mingw32/bin/../lib/gcc/nios2-elf/5.3.0\libgcc.a(muldf3.o)
 .data          0x0000000000050690        0x0 d:/fpga/nios2eds/bin/gnu/h-x86_64-mingw32/bin/../lib/gcc/nios2-elf/5.3.0\libgcc.a(subdf3.o)
 .data          0x0000000000050690        0x0 d:/fpga/nios2eds/bin/gnu/h-x86_64-mingw32/bin/../lib/gcc/nios2-elf/5.3.0\libgcc.a(fixdfsi.o)
 .data          0x0000000000050690        0x0 d:/fpga/nios2eds/bin/gnu/h-x86_64-mingw32/bin/../lib/gcc/nios2-elf/5.3.0\libgcc.a(floatsidf.o)
 .data          0x0000000000050690        0x0 d:/fpga/nios2eds/bin/gnu/h-x86_64-mingw32/bin/../lib/gcc/nios2-elf/5.3.0\libgcc.a(floatunsidf.o)
 .data          0x0000000000050690        0x0 d:/fpga/nios2eds/bin/gnu/h-x86_64-mingw32/bin/../lib/gcc/nios2-elf/5.3.0\libgcc.a(_clz.o)
 .data          0x0000000000050690        0x0 d:/fpga/nios2eds/bin/gnu/h-x86_64-mingw32/bin/../lib/gcc/nios2-elf/5.3.0\libgcc.a(_clzsi2.o)
 .data          0x0000000000050690        0x0 D:/embeddedlabs/RTES_lab1/onchip_instrCacheDisabled_dataCacheDisabled/analysis2_custom_parallel_port_onchip_dis_dis_bsp/\libhal_bsp.a(alt_close.o)
 .data          0x0000000000050690      0x1a8 D:/embeddedlabs/RTES_lab1/onchip_instrCacheDisabled_dataCacheDisabled/analysis2_custom_parallel_port_onchip_dis_dis_bsp/\libhal_bsp.a(alt_dev.o)
                0x0000000000050690                alt_dev_null
                0x00000000000506b8                alt_fd_list
 .data          0x0000000000050838        0x0 D:/embeddedlabs/RTES_lab1/onchip_instrCacheDisabled_dataCacheDisabled/analysis2_custom_parallel_port_onchip_dis_dis_bsp/\libhal_bsp.a(alt_errno.o)
 .data          0x0000000000050838        0x0 D:/embeddedlabs/RTES_lab1/onchip_instrCacheDisabled_dataCacheDisabled/analysis2_custom_parallel_port_onchip_dis_dis_bsp/\libhal_bsp.a(alt_fstat.o)
 .data          0x0000000000050838        0x0 D:/embeddedlabs/RTES_lab1/onchip_instrCacheDisabled_dataCacheDisabled/analysis2_custom_parallel_port_onchip_dis_dis_bsp/\libhal_bsp.a(alt_iic.o)
 .data          0x0000000000050838        0x0 D:/embeddedlabs/RTES_lab1/onchip_instrCacheDisabled_dataCacheDisabled/analysis2_custom_parallel_port_onchip_dis_dis_bsp/\libhal_bsp.a(alt_iic_isr_register.o)
 .data          0x0000000000050838        0x0 D:/embeddedlabs/RTES_lab1/onchip_instrCacheDisabled_dataCacheDisabled/analysis2_custom_parallel_port_onchip_dis_dis_bsp/\libhal_bsp.a(alt_irq_entry.o)
 .data          0x0000000000050838        0x0 D:/embeddedlabs/RTES_lab1/onchip_instrCacheDisabled_dataCacheDisabled/analysis2_custom_parallel_port_onchip_dis_dis_bsp/\libhal_bsp.a(alt_irq_handler.o)
 .data          0x0000000000050838        0x0 D:/embeddedlabs/RTES_lab1/onchip_instrCacheDisabled_dataCacheDisabled/analysis2_custom_parallel_port_onchip_dis_dis_bsp/\libhal_bsp.a(alt_irq_vars.o)
 .data          0x0000000000050838        0x0 D:/embeddedlabs/RTES_lab1/onchip_instrCacheDisabled_dataCacheDisabled/analysis2_custom_parallel_port_onchip_dis_dis_bsp/\libhal_bsp.a(alt_isatty.o)
 .data          0x0000000000050838        0x0 D:/embeddedlabs/RTES_lab1/onchip_instrCacheDisabled_dataCacheDisabled/analysis2_custom_parallel_port_onchip_dis_dis_bsp/\libhal_bsp.a(alt_load.o)
 .data          0x0000000000050838        0x0 D:/embeddedlabs/RTES_lab1/onchip_instrCacheDisabled_dataCacheDisabled/analysis2_custom_parallel_port_onchip_dis_dis_bsp/\libhal_bsp.a(alt_lseek.o)
 .data          0x0000000000050838        0x0 D:/embeddedlabs/RTES_lab1/onchip_instrCacheDisabled_dataCacheDisabled/analysis2_custom_parallel_port_onchip_dis_dis_bsp/\libhal_bsp.a(alt_main.o)
 .data          0x0000000000050838        0x0 D:/embeddedlabs/RTES_lab1/onchip_instrCacheDisabled_dataCacheDisabled/analysis2_custom_parallel_port_onchip_dis_dis_bsp/\libhal_bsp.a(alt_malloc_lock.o)
 .data          0x0000000000050838        0x0 D:/embeddedlabs/RTES_lab1/onchip_instrCacheDisabled_dataCacheDisabled/analysis2_custom_parallel_port_onchip_dis_dis_bsp/\libhal_bsp.a(alt_printf.o)
 .data          0x0000000000050838        0x0 D:/embeddedlabs/RTES_lab1/onchip_instrCacheDisabled_dataCacheDisabled/analysis2_custom_parallel_port_onchip_dis_dis_bsp/\libhal_bsp.a(alt_putchar.o)
 .data          0x0000000000050838        0x0 D:/embeddedlabs/RTES_lab1/onchip_instrCacheDisabled_dataCacheDisabled/analysis2_custom_parallel_port_onchip_dis_dis_bsp/\libhal_bsp.a(alt_read.o)
 .data          0x0000000000050838        0x0 D:/embeddedlabs/RTES_lab1/onchip_instrCacheDisabled_dataCacheDisabled/analysis2_custom_parallel_port_onchip_dis_dis_bsp/\libhal_bsp.a(alt_release_fd.o)
 .data          0x0000000000050838        0x0 D:/embeddedlabs/RTES_lab1/onchip_instrCacheDisabled_dataCacheDisabled/analysis2_custom_parallel_port_onchip_dis_dis_bsp/\libhal_bsp.a(alt_sbrk.o)
 .data          0x0000000000050838        0x0 D:/embeddedlabs/RTES_lab1/onchip_instrCacheDisabled_dataCacheDisabled/analysis2_custom_parallel_port_onchip_dis_dis_bsp/\libhal_bsp.a(alt_write.o)
 .data          0x0000000000050838     0x1060 D:/embeddedlabs/RTES_lab1/onchip_instrCacheDisabled_dataCacheDisabled/analysis2_custom_parallel_port_onchip_dis_dis_bsp/\libhal_bsp.a(alt_sys_init.o)
 .data          0x0000000000051898        0x0 D:/embeddedlabs/RTES_lab1/onchip_instrCacheDisabled_dataCacheDisabled/analysis2_custom_parallel_port_onchip_dis_dis_bsp/\libhal_bsp.a(altera_avalon_jtag_uart_fd.o)
 .data          0x0000000000051898        0x0 D:/embeddedlabs/RTES_lab1/onchip_instrCacheDisabled_dataCacheDisabled/analysis2_custom_parallel_port_onchip_dis_dis_bsp/\libhal_bsp.a(altera_avalon_jtag_uart_init.o)
 .data          0x0000000000051898        0x0 D:/embeddedlabs/RTES_lab1/onchip_instrCacheDisabled_dataCacheDisabled/analysis2_custom_parallel_port_onchip_dis_dis_bsp/\libhal_bsp.a(altera_avalon_jtag_uart_ioctl.o)
 .data          0x0000000000051898        0x0 D:/embeddedlabs/RTES_lab1/onchip_instrCacheDisabled_dataCacheDisabled/analysis2_custom_parallel_port_onchip_dis_dis_bsp/\libhal_bsp.a(altera_avalon_jtag_uart_read.o)
 .data          0x0000000000051898        0x0 D:/embeddedlabs/RTES_lab1/onchip_instrCacheDisabled_dataCacheDisabled/analysis2_custom_parallel_port_onchip_dis_dis_bsp/\libhal_bsp.a(altera_avalon_jtag_uart_write.o)
 .data          0x0000000000051898        0x0 D:/embeddedlabs/RTES_lab1/onchip_instrCacheDisabled_dataCacheDisabled/analysis2_custom_parallel_port_onchip_dis_dis_bsp/\libhal_bsp.a(altera_avalon_timer_sc.o)
 .data          0x0000000000051898        0x0 D:/embeddedlabs/RTES_lab1/onchip_instrCacheDisabled_dataCacheDisabled/analysis2_custom_parallel_port_onchip_dis_dis_bsp/\libhal_bsp.a(alt_alarm_start.o)
 .data          0x0000000000051898        0x0 D:/embeddedlabs/RTES_lab1/onchip_instrCacheDisabled_dataCacheDisabled/analysis2_custom_parallel_port_onchip_dis_dis_bsp/\libhal_bsp.a(alt_dcache_flush_all.o)
 .data          0x0000000000051898        0x0 D:/embeddedlabs/RTES_lab1/onchip_instrCacheDisabled_dataCacheDisabled/analysis2_custom_parallel_port_onchip_dis_dis_bsp/\libhal_bsp.a(alt_dev_llist_insert.o)
 .data          0x0000000000051898        0x0 D:/embeddedlabs/RTES_lab1/onchip_instrCacheDisabled_dataCacheDisabled/analysis2_custom_parallel_port_onchip_dis_dis_bsp/\libhal_bsp.a(alt_do_ctors.o)
 .data          0x0000000000051898        0x0 D:/embeddedlabs/RTES_lab1/onchip_instrCacheDisabled_dataCacheDisabled/analysis2_custom_parallel_port_onchip_dis_dis_bsp/\libhal_bsp.a(alt_do_dtors.o)
 .data          0x0000000000051898        0x0 D:/embeddedlabs/RTES_lab1/onchip_instrCacheDisabled_dataCacheDisabled/analysis2_custom_parallel_port_onchip_dis_dis_bsp/\libhal_bsp.a(alt_exception_entry.o)
 .data          0x0000000000051898        0x0 D:/embeddedlabs/RTES_lab1/onchip_instrCacheDisabled_dataCacheDisabled/analysis2_custom_parallel_port_onchip_dis_dis_bsp/\libhal_bsp.a(alt_icache_flush_all.o)
 .data          0x0000000000051898        0x0 D:/embeddedlabs/RTES_lab1/onchip_instrCacheDisabled_dataCacheDisabled/analysis2_custom_parallel_port_onchip_dis_dis_bsp/\libhal_bsp.a(alt_instruction_exception_entry.o)
 .data          0x0000000000051898        0x0 D:/embeddedlabs/RTES_lab1/onchip_instrCacheDisabled_dataCacheDisabled/analysis2_custom_parallel_port_onchip_dis_dis_bsp/\libhal_bsp.a(alt_io_redirect.o)
 .data          0x0000000000051898        0x0 D:/embeddedlabs/RTES_lab1/onchip_instrCacheDisabled_dataCacheDisabled/analysis2_custom_parallel_port_onchip_dis_dis_bsp/\libhal_bsp.a(alt_open.o)
 .data          0x0000000000051898        0x0 D:/embeddedlabs/RTES_lab1/onchip_instrCacheDisabled_dataCacheDisabled/analysis2_custom_parallel_port_onchip_dis_dis_bsp/\libhal_bsp.a(alt_tick.o)
 .data          0x0000000000051898        0x0 D:/embeddedlabs/RTES_lab1/onchip_instrCacheDisabled_dataCacheDisabled/analysis2_custom_parallel_port_onchip_dis_dis_bsp/\libhal_bsp.a(altera_nios2_gen2_irq.o)
 .data          0x0000000000051898        0x0 D:/embeddedlabs/RTES_lab1/onchip_instrCacheDisabled_dataCacheDisabled/analysis2_custom_parallel_port_onchip_dis_dis_bsp/\libhal_bsp.a(alt_find_dev.o)
 .data          0x0000000000051898        0x0 D:/embeddedlabs/RTES_lab1/onchip_instrCacheDisabled_dataCacheDisabled/analysis2_custom_parallel_port_onchip_dis_dis_bsp/\libhal_bsp.a(alt_find_file.o)
 .data          0x0000000000051898        0x0 D:/embeddedlabs/RTES_lab1/onchip_instrCacheDisabled_dataCacheDisabled/analysis2_custom_parallel_port_onchip_dis_dis_bsp/\libhal_bsp.a(alt_get_fd.o)
 .data          0x0000000000051898        0x0 d:/fpga/nios2eds/bin/gnu/h-x86_64-mingw32/bin/../lib/gcc/nios2-elf/5.3.0/../../../../../H-x86_64-mingw32/nios2-elf/lib\libc.a(lib_a-atexit.o)
 .data          0x0000000000051898        0x0 d:/fpga/nios2eds/bin/gnu/h-x86_64-mingw32/bin/../lib/gcc/nios2-elf/5.3.0/../../../../../H-x86_64-mingw32/nios2-elf/lib\libc.a(lib_a-exit.o)
 .data          0x0000000000051898        0x0 d:/fpga/nios2eds/bin/gnu/h-x86_64-mingw32/bin/../lib/gcc/nios2-elf/5.3.0/../../../../../H-x86_64-mingw32/nios2-elf/lib\libc.a(lib_a-memcmp.o)
 .data          0x0000000000051898        0x0 d:/fpga/nios2eds/bin/gnu/h-x86_64-mingw32/bin/../lib/gcc/nios2-elf/5.3.0/../../../../../H-x86_64-mingw32/nios2-elf/lib\libc.a(lib_a-putc.o)
 .data          0x0000000000051898        0x0 d:/fpga/nios2eds/bin/gnu/h-x86_64-mingw32/bin/../lib/gcc/nios2-elf/5.3.0/../../../../../H-x86_64-mingw32/nios2-elf/lib\libc.a(lib_a-__atexit.o)
 .data          0x0000000000051898        0x0 d:/fpga/nios2eds/bin/gnu/h-x86_64-mingw32/bin/../lib/gcc/nios2-elf/5.3.0/../../../../../H-x86_64-mingw32/nios2-elf/lib\libc.a(lib_a-__call_atexit.o)
 .data          0x0000000000051898        0x0 D:/embeddedlabs/RTES_lab1/onchip_instrCacheDisabled_dataCacheDisabled/analysis2_custom_parallel_port_onchip_dis_dis_bsp/\libhal_bsp.a(alt_exit.o)
                0x0000000000059898                _gp = ABSOLUTE ((. + 0x8000))
                [!provide]                        PROVIDE (gp, _gp)
 *(.rwdata .rwdata.*)
 *(.sdata .sdata.* .gnu.linkonce.s.*)
 .sdata._global_impure_ptr
                0x0000000000051898        0x4 d:/fpga/nios2eds/bin/gnu/h-x86_64-mingw32/bin/../lib/gcc/nios2-elf/5.3.0/../../../../../H-x86_64-mingw32/nios2-elf/lib\libc.a(lib_a-impure.o)
                0x0000000000051898                _global_impure_ptr
 .sdata._impure_ptr
                0x000000000005189c        0x4 d:/fpga/nios2eds/bin/gnu/h-x86_64-mingw32/bin/../lib/gcc/nios2-elf/5.3.0/../../../../../H-x86_64-mingw32/nios2-elf/lib\libc.a(lib_a-impure.o)
                0x000000000005189c                _impure_ptr
 .sdata.__mb_cur_max
                0x00000000000518a0        0x4 d:/fpga/nios2eds/bin/gnu/h-x86_64-mingw32/bin/../lib/gcc/nios2-elf/5.3.0/../../../../../H-x86_64-mingw32/nios2-elf/lib\libc.a(lib_a-locale.o)
                0x00000000000518a0                __mb_cur_max
 .sdata.__malloc_sbrk_base
                0x00000000000518a4        0x4 d:/fpga/nios2eds/bin/gnu/h-x86_64-mingw32/bin/../lib/gcc/nios2-elf/5.3.0/../../../../../H-x86_64-mingw32/nios2-elf/lib\libc.a(lib_a-mallocr.o)
                0x00000000000518a4                __malloc_sbrk_base
 .sdata.__malloc_trim_threshold
                0x00000000000518a8        0x4 d:/fpga/nios2eds/bin/gnu/h-x86_64-mingw32/bin/../lib/gcc/nios2-elf/5.3.0/../../../../../H-x86_64-mingw32/nios2-elf/lib\libc.a(lib_a-mallocr.o)
                0x00000000000518a8                __malloc_trim_threshold
 .sdata.__wctomb
                0x00000000000518ac        0x4 d:/fpga/nios2eds/bin/gnu/h-x86_64-mingw32/bin/../lib/gcc/nios2-elf/5.3.0/../../../../../H-x86_64-mingw32/nios2-elf/lib\libc.a(lib_a-wctomb_r.o)
                0x00000000000518ac                __wctomb
 .sdata         0x00000000000518b0       0x14 D:/embeddedlabs/RTES_lab1/onchip_instrCacheDisabled_dataCacheDisabled/analysis2_custom_parallel_port_onchip_dis_dis_bsp/\libhal_bsp.a(alt_dev.o)
                0x00000000000518b0                alt_fs_list
                0x00000000000518b8                alt_dev_list
                0x00000000000518c0                alt_max_fd
 .sdata         0x00000000000518c4        0x4 D:/embeddedlabs/RTES_lab1/onchip_instrCacheDisabled_dataCacheDisabled/analysis2_custom_parallel_port_onchip_dis_dis_bsp/\libhal_bsp.a(alt_errno.o)
                0x00000000000518c4                alt_errno
 .sdata         0x00000000000518c8        0x4 D:/embeddedlabs/RTES_lab1/onchip_instrCacheDisabled_dataCacheDisabled/analysis2_custom_parallel_port_onchip_dis_dis_bsp/\libhal_bsp.a(alt_irq_vars.o)
                0x00000000000518c8                alt_priority_mask
 .sdata         0x00000000000518cc        0x4 D:/embeddedlabs/RTES_lab1/onchip_instrCacheDisabled_dataCacheDisabled/analysis2_custom_parallel_port_onchip_dis_dis_bsp/\libhal_bsp.a(alt_sbrk.o)
 .sdata         0x00000000000518d0        0x8 D:/embeddedlabs/RTES_lab1/onchip_instrCacheDisabled_dataCacheDisabled/analysis2_custom_parallel_port_onchip_dis_dis_bsp/\libhal_bsp.a(alt_tick.o)
                0x00000000000518d0                alt_alarm_list
 *(.sdata2 .sdata2.* .gnu.linkonce.s2.*)
                0x00000000000518d8                . = ALIGN (0x4)
                0x00000000000518d8                _edata = ABSOLUTE (.)
                [!provide]                        PROVIDE (edata, ABSOLUTE (.))
                0x00000000000518d8                PROVIDE (__ram_rwdata_end, ABSOLUTE (.))
                0x00000000000518d8                PROVIDE (__flash_rwdata_start, LOADADDR (.rwdata))

.bss            0x00000000000533c4      0x168
                0x00000000000533c4                __bss_start = ABSOLUTE (.)
                [!provide]                        PROVIDE (__sbss_start, ABSOLUTE (.))
                [!provide]                        PROVIDE (___sbss_start, ABSOLUTE (.))
 *(.dynsbss)
 *(.sbss .sbss.* .gnu.linkonce.sb.*)
 .sbss          0x00000000000533c4        0x8 obj/default/hello_world.o
                0x00000000000533c4                snap
                0x00000000000533c8                flag
 .sbss._PathLocale
                0x00000000000533cc        0x4 d:/fpga/nios2eds/bin/gnu/h-x86_64-mingw32/bin/../lib/gcc/nios2-elf/5.3.0/../../../../../H-x86_64-mingw32/nios2-elf/lib\libc.a(lib_a-locale.o)
                0x00000000000533cc                _PathLocale
 .sbss.__mlocale_changed
                0x00000000000533d0        0x4 d:/fpga/nios2eds/bin/gnu/h-x86_64-mingw32/bin/../lib/gcc/nios2-elf/5.3.0/../../../../../H-x86_64-mingw32/nios2-elf/lib\libc.a(lib_a-locale.o)
                0x00000000000533d0                __mlocale_changed
 .sbss.__nlocale_changed
                0x00000000000533d4        0x4 d:/fpga/nios2eds/bin/gnu/h-x86_64-mingw32/bin/../lib/gcc/nios2-elf/5.3.0/../../../../../H-x86_64-mingw32/nios2-elf/lib\libc.a(lib_a-locale.o)
                0x00000000000533d4                __nlocale_changed
 .sbss.__malloc_max_total_mem
                0x00000000000533d8        0x4 d:/fpga/nios2eds/bin/gnu/h-x86_64-mingw32/bin/../lib/gcc/nios2-elf/5.3.0/../../../../../H-x86_64-mingw32/nios2-elf/lib\libc.a(lib_a-mallocr.o)
                0x00000000000533d8                __malloc_max_total_mem
 .sbss.__malloc_max_sbrked_mem
                0x00000000000533dc        0x4 d:/fpga/nios2eds/bin/gnu/h-x86_64-mingw32/bin/../lib/gcc/nios2-elf/5.3.0/../../../../../H-x86_64-mingw32/nios2-elf/lib\libc.a(lib_a-mallocr.o)
                0x00000000000533dc                __malloc_max_sbrked_mem
 .sbss.__malloc_top_pad
                0x00000000000533e0        0x4 d:/fpga/nios2eds/bin/gnu/h-x86_64-mingw32/bin/../lib/gcc/nios2-elf/5.3.0/../../../../../H-x86_64-mingw32/nios2-elf/lib\libc.a(lib_a-mallocr.o)
                0x00000000000533e0                __malloc_top_pad
 .sbss          0x00000000000533e4        0x4 d:/fpga/nios2eds/bin/gnu/h-x86_64-mingw32/bin/../lib/gcc/nios2-elf/5.3.0/../../../../../H-x86_64-mingw32/nios2-elf/lib\libc.a(lib_a-int_errno.o)
                0x00000000000533e4                errno
 .sbss          0x00000000000533e8        0x4 D:/embeddedlabs/RTES_lab1/onchip_instrCacheDisabled_dataCacheDisabled/analysis2_custom_parallel_port_onchip_dis_dis_bsp/\libhal_bsp.a(alt_irq_vars.o)
                0x00000000000533e8                alt_irq_active
 .sbss          0x00000000000533ec        0xc D:/embeddedlabs/RTES_lab1/onchip_instrCacheDisabled_dataCacheDisabled/analysis2_custom_parallel_port_onchip_dis_dis_bsp/\libhal_bsp.a(alt_main.o)
                0x00000000000533ec                alt_argc
                0x00000000000533f0                alt_argv
                0x00000000000533f4                alt_envp
 .sbss          0x00000000000533f8        0x4 D:/embeddedlabs/RTES_lab1/onchip_instrCacheDisabled_dataCacheDisabled/analysis2_custom_parallel_port_onchip_dis_dis_bsp/\libhal_bsp.a(alt_instruction_exception_entry.o)
                0x00000000000533f8                alt_instruction_exception_handler
 .sbss          0x00000000000533fc        0x8 D:/embeddedlabs/RTES_lab1/onchip_instrCacheDisabled_dataCacheDisabled/analysis2_custom_parallel_port_onchip_dis_dis_bsp/\libhal_bsp.a(alt_tick.o)
                0x00000000000533fc                _alt_tick_rate
                0x0000000000053400                _alt_nticks
 *(.sbss2 .sbss2.* .gnu.linkonce.sb2.*)
 *(.scommon)
                [!provide]                        PROVIDE (__sbss_end, ABSOLUTE (.))
                [!provide]                        PROVIDE (___sbss_end, ABSOLUTE (.))
 *(.dynbss)
 *(.bss .bss.* .gnu.linkonce.b.*)
 .bss           0x0000000000053404        0x0 D:/embeddedlabs/RTES_lab1/onchip_instrCacheDisabled_dataCacheDisabled/analysis2_custom_parallel_port_onchip_dis_dis_bsp//obj/HAL/src/crt0.o
 .bss           0x0000000000053404        0x0 obj/default/hello_world.o
 .bss           0x0000000000053404        0x0 d:/fpga/nios2eds/bin/gnu/h-x86_64-mingw32/bin/../lib/gcc/nios2-elf/5.3.0/../../../../../H-x86_64-mingw32/nios2-elf/lib\libc.a(lib_a-printf.o)
 .bss           0x0000000000053404        0x0 d:/fpga/nios2eds/bin/gnu/h-x86_64-mingw32/bin/../lib/gcc/nios2-elf/5.3.0/../../../../../H-x86_64-mingw32/nios2-elf/lib\libc.a(lib_a-vfprintf.o)
 .bss           0x0000000000053404        0x0 d:/fpga/nios2eds/bin/gnu/h-x86_64-mingw32/bin/../lib/gcc/nios2-elf/5.3.0/../../../../../H-x86_64-mingw32/nios2-elf/lib\libc.a(lib_a-wsetup.o)
 .bss           0x0000000000053404        0x0 d:/fpga/nios2eds/bin/gnu/h-x86_64-mingw32/bin/../lib/gcc/nios2-elf/5.3.0/../../../../../H-x86_64-mingw32/nios2-elf/lib\libc.a(lib_a-dtoa.o)
 .bss           0x0000000000053404        0x0 d:/fpga/nios2eds/bin/gnu/h-x86_64-mingw32/bin/../lib/gcc/nios2-elf/5.3.0/../../../../../H-x86_64-mingw32/nios2-elf/lib\libc.a(lib_a-fflush.o)
 .bss           0x0000000000053404        0x0 d:/fpga/nios2eds/bin/gnu/h-x86_64-mingw32/bin/../lib/gcc/nios2-elf/5.3.0/../../../../../H-x86_64-mingw32/nios2-elf/lib\libc.a(lib_a-findfp.o)
 .bss           0x0000000000053404        0x0 d:/fpga/nios2eds/bin/gnu/h-x86_64-mingw32/bin/../lib/gcc/nios2-elf/5.3.0/../../../../../H-x86_64-mingw32/nios2-elf/lib\libc.a(lib_a-freer.o)
 .bss           0x0000000000053404        0x0 d:/fpga/nios2eds/bin/gnu/h-x86_64-mingw32/bin/../lib/gcc/nios2-elf/5.3.0/../../../../../H-x86_64-mingw32/nios2-elf/lib\libc.a(lib_a-fwalk.o)
 .bss           0x0000000000053404        0x0 d:/fpga/nios2eds/bin/gnu/h-x86_64-mingw32/bin/../lib/gcc/nios2-elf/5.3.0/../../../../../H-x86_64-mingw32/nios2-elf/lib\libc.a(lib_a-impure.o)
 .bss           0x0000000000053404        0x0 d:/fpga/nios2eds/bin/gnu/h-x86_64-mingw32/bin/../lib/gcc/nios2-elf/5.3.0/../../../../../H-x86_64-mingw32/nios2-elf/lib\libc.a(lib_a-locale.o)