Flow report for DE0_TOP
Sun May 08 21:24:12 2022
Quartus II 64-Bit Version 13.1.0 Build 162 10/23/2013 SJ Web Edition


---------------------
; Table of Contents ;
---------------------
  1. Legal Notice
  2. Flow Summary
  3. Flow Settings
  4. Flow Non-Default Global Settings
  5. Flow Elapsed Time
  6. Flow OS Summary
  7. Flow Log
  8. Flow Messages
  9. Flow Suppressed Messages



----------------
; Legal Notice ;
----------------
Copyright (C) 1991-2013 Altera Corporation
Your use of Altera Corporation's design tools, logic functions 
and other software and tools, and its AMPP partner logic 
functions, and any output files from any of the foregoing 
(including device programming or simulation files), and any 
associated documentation or information are expressly subject 
to the terms and conditions of the Altera Program License 
Subscription Agreement, Altera MegaCore Function License 
Agreement, or other applicable license agreement, including, 
without limitation, that your use is for the sole purpose of 
programming logic devices manufactured by Altera and sold by 
Altera or its authorized distributors.  Please refer to the 
applicable agreement for further details.



+---------------------------------------------------------------------------------+
; Flow Summary                                                                    ;
+------------------------------------+--------------------------------------------+
; Flow Status                        ; Successful - Sun May 08 21:24:04 2022      ;
; Quartus II 64-Bit Version          ; 13.1.0 Build 162 10/23/2013 SJ Web Edition ;
; Revision Name                      ; DE0_TOP                                    ;
; Top-level Entity Name              ; DE0_TOP                                    ;
; Family                             ; Cyclone III                                ;
; Device                             ; EP3C16F484C6                               ;
; Timing Models                      ; Final                                      ;
; Total logic elements               ; 2,202 / 15,408 ( 14 % )                    ;
;     Total combinational functions  ; 2,044 / 15,408 ( 13 % )                    ;
;     Dedicated logic registers      ; 1,237 / 15,408 ( 8 % )                     ;
; Total registers                    ; 1237                                       ;
; Total pins                         ; 252 / 347 ( 73 % )                         ;
; Total virtual pins                 ; 0                                          ;
; Total memory bits                  ; 395,264 / 516,096 ( 77 % )                 ;
; Embedded Multiplier 9-bit elements ; 0 / 112 ( 0 % )                            ;
; Total PLLs                         ; 1 / 4 ( 25 % )                             ;
+------------------------------------+--------------------------------------------+


+-----------------------------------------+
; Flow Settings                           ;
+-------------------+---------------------+
; Option            ; Setting             ;
+-------------------+---------------------+
; Start date & time ; 05/08/2022 21:23:13 ;
; Main task         ; Compilation         ;
; Revision Name     ; DE0_TOP             ;
+-------------------+---------------------+


+---------------------------------------------------------------------------------------------------------------------------------------------------------------------------------+
; Flow Non-Default Global Settings                                                                                                                                                ;
+-------------------------------------+-------------------------------------------------------------+---------------+------------------------------------------------+------------+
; Assignment Name                     ; Value                                                       ; Default Value ; Entity Name                                    ; Section Id ;
+-------------------------------------+-------------------------------------------------------------+---------------+------------------------------------------------+------------+
; COMPILER_SIGNATURE_ID               ; 167300352246115.165204139354000                             ; --            ; --                                             ; --         ;
; ENABLE_ADVANCED_IO_TIMING           ; On                                                          ; --            ; --                                             ; --         ;
; IP_TOOL_ENV                         ; Qsys                                                        ; --            ; DEO_SALVA                                      ; --         ;
; IP_TOOL_ENV                         ; Qsys                                                        ; --            ; DEO_SALVA_altpll_0                             ; --         ;
; IP_TOOL_ENV                         ; Qsys                                                        ; --            ; DEO_SALVA_irq_mapper                           ; --         ;
; IP_TOOL_ENV                         ; Qsys                                                        ; --            ; DEO_SALVA_jtag_uart_0                          ; --         ;
; IP_TOOL_ENV                         ; Qsys                                                        ; --            ; DEO_SALVA_mm_interconnect_0                    ; --         ;
; IP_TOOL_ENV                         ; Qsys                                                        ; --            ; DEO_SALVA_mm_interconnect_0_addr_router        ; --         ;
; IP_TOOL_ENV                         ; Qsys                                                        ; --            ; DEO_SALVA_mm_interconnect_0_addr_router_001    ; --         ;
; IP_TOOL_ENV                         ; Qsys                                                        ; --            ; DEO_SALVA_mm_interconnect_0_cmd_xbar_demux     ; --         ;
; IP_TOOL_ENV                         ; Qsys                                                        ; --            ; DEO_SALVA_mm_interconnect_0_cmd_xbar_demux_001 ; --         ;
; IP_TOOL_ENV                         ; Qsys                                                        ; --            ; DEO_SALVA_mm_interconnect_0_cmd_xbar_mux       ; --         ;
; IP_TOOL_ENV                         ; Qsys                                                        ; --            ; DEO_SALVA_mm_interconnect_0_cmd_xbar_mux_002   ; --         ;
; IP_TOOL_ENV                         ; Qsys                                                        ; --            ; DEO_SALVA_mm_interconnect_0_id_router          ; --         ;
; IP_TOOL_ENV                         ; Qsys                                                        ; --            ; DEO_SALVA_mm_interconnect_0_id_router_002      ; --         ;
; IP_TOOL_ENV                         ; Qsys                                                        ; --            ; DEO_SALVA_mm_interconnect_0_rsp_xbar_demux_002 ; --         ;
; IP_TOOL_ENV                         ; Qsys                                                        ; --            ; DEO_SALVA_mm_interconnect_0_rsp_xbar_mux       ; --         ;
; IP_TOOL_ENV                         ; Qsys                                                        ; --            ; DEO_SALVA_mm_interconnect_0_rsp_xbar_mux_001   ; --         ;
; IP_TOOL_ENV                         ; Qsys                                                        ; --            ; DEO_SALVA_nios2_qsys_0                         ; --         ;
; IP_TOOL_ENV                         ; Qsys                                                        ; --            ; DEO_SALVA_onchip_memory2_0                     ; --         ;
; IP_TOOL_ENV                         ; Qsys                                                        ; --            ; DEO_SALVA_uart_0                               ; --         ;
; IP_TOOL_ENV                         ; Qsys                                                        ; --            ; altera_avalon_sc_fifo                          ; --         ;
; IP_TOOL_ENV                         ; Qsys                                                        ; --            ; altera_merlin_master_agent                     ; --         ;
; IP_TOOL_ENV                         ; Qsys                                                        ; --            ; altera_merlin_master_translator                ; --         ;
; IP_TOOL_ENV                         ; Qsys                                                        ; --            ; altera_merlin_slave_agent                      ; --         ;
; IP_TOOL_ENV                         ; Qsys                                                        ; --            ; altera_merlin_slave_translator                 ; --         ;
; IP_TOOL_ENV                         ; Qsys                                                        ; --            ; altera_reset_controller                        ; --         ;
; IP_TOOL_NAME                        ; Qsys                                                        ; --            ; DEO_SALVA                                      ; --         ;
; IP_TOOL_NAME                        ; altpll                                                      ; --            ; DEO_SALVA_altpll_0                             ; --         ;
; IP_TOOL_NAME                        ; altera_irq_mapper                                           ; --            ; DEO_SALVA_irq_mapper                           ; --         ;
; IP_TOOL_NAME                        ; altera_avalon_jtag_uart                                     ; --            ; DEO_SALVA_jtag_uart_0                          ; --         ;
; IP_TOOL_NAME                        ; altera_merlin_interconnect_wrapper                          ; --            ; DEO_SALVA_mm_interconnect_0                    ; --         ;
; IP_TOOL_NAME                        ; altera_merlin_router                                        ; --            ; DEO_SALVA_mm_interconnect_0_addr_router        ; --         ;
; IP_TOOL_NAME                        ; altera_merlin_router                                        ; --            ; DEO_SALVA_mm_interconnect_0_addr_router_001    ; --         ;
; IP_TOOL_NAME                        ; altera_merlin_demultiplexer                                 ; --            ; DEO_SALVA_mm_interconnect_0_cmd_xbar_demux     ; --         ;
; IP_TOOL_NAME                        ; altera_merlin_demultiplexer                                 ; --            ; DEO_SALVA_mm_interconnect_0_cmd_xbar_demux_001 ; --         ;
; IP_TOOL_NAME                        ; altera_merlin_multiplexer                                   ; --            ; DEO_SALVA_mm_interconnect_0_cmd_xbar_mux       ; --         ;
; IP_TOOL_NAME                        ; altera_merlin_multiplexer                                   ; --            ; DEO_SALVA_mm_interconnect_0_cmd_xbar_mux_002   ; --         ;
; IP_TOOL_NAME                        ; altera_merlin_router                                        ; --            ; DEO_SALVA_mm_interconnect_0_id_router          ; --         ;
; IP_TOOL_NAME                        ; altera_merlin_router                                        ; --            ; DEO_SALVA_mm_interconnect_0_id_router_002      ; --         ;
; IP_TOOL_NAME                        ; altera_merlin_demultiplexer                                 ; --            ; DEO_SALVA_mm_interconnect_0_rsp_xbar_demux_002 ; --         ;
; IP_TOOL_NAME                        ; altera_merlin_multiplexer                                   ; --            ; DEO_SALVA_mm_interconnect_0_rsp_xbar_mux       ; --         ;
; IP_TOOL_NAME                        ; altera_merlin_multiplexer                                   ; --            ; DEO_SALVA_mm_interconnect_0_rsp_xbar_mux_001   ; --         ;
; IP_TOOL_NAME                        ; altera_nios2_qsys                                           ; --            ; DEO_SALVA_nios2_qsys_0                         ; --         ;
; IP_TOOL_NAME                        ; altera_avalon_onchip_memory2                                ; --            ; DEO_SALVA_onchip_memory2_0                     ; --         ;
; IP_TOOL_NAME                        ; altera_avalon_uart                                          ; --            ; DEO_SALVA_uart_0                               ; --         ;
; IP_TOOL_NAME                        ; altera_avalon_sc_fifo                                       ; --            ; altera_avalon_sc_fifo                          ; --         ;
; IP_TOOL_NAME                        ; altera_merlin_master_agent                                  ; --            ; altera_merlin_master_agent                     ; --         ;
; IP_TOOL_NAME                        ; altera_merlin_master_translator                             ; --            ; altera_merlin_master_translator                ; --         ;
; IP_TOOL_NAME                        ; altera_merlin_slave_agent                                   ; --            ; altera_merlin_slave_agent                      ; --         ;
; IP_TOOL_NAME                        ; altera_merlin_slave_translator                              ; --            ; altera_merlin_slave_translator                 ; --         ;
; IP_TOOL_NAME                        ; altera_reset_controller                                     ; --            ; altera_reset_controller                        ; --         ;
; IP_TOOL_VERSION                     ; 13.1                                                        ; --            ; DEO_SALVA                                      ; --         ;
; IP_TOOL_VERSION                     ; 13.1                                                        ; --            ; DEO_SALVA_altpll_0                             ; --         ;
; IP_TOOL_VERSION                     ; 13.1                                                        ; --            ; DEO_SALVA_irq_mapper                           ; --         ;
; IP_TOOL_VERSION                     ; 13.1                                                        ; --            ; DEO_SALVA_jtag_uart_0                          ; --         ;
; IP_TOOL_VERSION                     ; 13.1                                                        ; --            ; DEO_SALVA_mm_interconnect_0                    ; --         ;
; IP_TOOL_VERSION                     ; 13.1                                                        ; --            ; DEO_SALVA_mm_interconnect_0_addr_router        ; --         ;
; IP_TOOL_VERSION                     ; 13.1                                                        ; --            ; DEO_SALVA_mm_interconnect_0_addr_router_001    ; --         ;
; IP_TOOL_VERSION                     ; 13.1                                                        ; --            ; DEO_SALVA_mm_interconnect_0_cmd_xbar_demux     ; --         ;
; IP_TOOL_VERSION                     ; 13.1                                                        ; --            ; DEO_SALVA_mm_interconnect_0_cmd_xbar_demux_001 ; --         ;
; IP_TOOL_VERSION                     ; 13.1                                                        ; --            ; DEO_SALVA_mm_interconnect_0_cmd_xbar_mux       ; --         ;
; IP_TOOL_VERSION                     ; 13.1                                                        ; --            ; DEO_SALVA_mm_interconnect_0_cmd_xbar_mux_002   ; --         ;
; IP_TOOL_VERSION                     ; 13.1                                                        ; --            ; DEO_SALVA_mm_interconnect_0_id_router          ; --         ;
; IP_TOOL_VERSION                     ; 13.1                                                        ; --            ; DEO_SALVA_mm_interconnect_0_id_router_002      ; --         ;
; IP_TOOL_VERSION                     ; 13.1                                                        ; --            ; DEO_SALVA_mm_interconnect_0_rsp_xbar_demux_002 ; --         ;
; IP_TOOL_VERSION                     ; 13.1                                                        ; --            ; DEO_SALVA_mm_interconnect_0_rsp_xbar_mux       ; --         ;
; IP_TOOL_VERSION                     ; 13.1                                                        ; --            ; DEO_SALVA_mm_interconnect_0_rsp_xbar_mux_001   ; --         ;
; IP_TOOL_VERSION                     ; 13.1                                                        ; --            ; DEO_SALVA_nios2_qsys_0                         ; --         ;
; IP_TOOL_VERSION                     ; 13.1                                                        ; --            ; DEO_SALVA_onchip_memory2_0                     ; --         ;
; IP_TOOL_VERSION                     ; 13.1                                                        ; --            ; DEO_SALVA_uart_0                               ; --         ;
; IP_TOOL_VERSION                     ; 13.1                                                        ; --            ; altera_avalon_sc_fifo                          ; --         ;
; IP_TOOL_VERSION                     ; 13.1                                                        ; --            ; altera_merlin_master_agent                     ; --         ;
; IP_TOOL_VERSION                     ; 13.1                                                        ; --            ; altera_merlin_master_translator                ; --         ;
; IP_TOOL_VERSION                     ; 13.1                                                        ; --            ; altera_merlin_slave_agent                      ; --         ;
; IP_TOOL_VERSION                     ; 13.1                                                        ; --            ; altera_merlin_slave_translator                 ; --         ;
; IP_TOOL_VERSION                     ; 13.1                                                        ; --            ; altera_reset_controller                        ; --         ;
; MAX_CORE_JUNCTION_TEMP              ; 85                                                          ; --            ; --                                             ; --         ;
; MIN_CORE_JUNCTION_TEMP              ; 0                                                           ; --            ; --                                             ; --         ;
; MISC_FILE                           ; DEO_SALVA/synthesis/../../DEO_SALVA.cmp                     ; --            ; --                                             ; --         ;
; MISC_FILE                           ; DEO_SALVA/synthesis/../../DEO_SALVA.qsys                    ; --            ; --                                             ; --         ;
; PARTITION_COLOR                     ; 14622752                                                    ; --            ; --                                             ; Top        ;
; PARTITION_FITTER_PRESERVATION_LEVEL ; PLACEMENT_AND_ROUTING                                       ; --            ; --                                             ; Top        ;
; PARTITION_NETLIST_TYPE              ; SOURCE                                                      ; --            ; --                                             ; Top        ;
; POWER_BOARD_THERMAL_MODEL           ; None (CONSERVATIVE)                                         ; --            ; --                                             ; --         ;
; POWER_PRESET_COOLING_SOLUTION       ; 23 MM HEAT SINK WITH 200 LFPM AIRFLOW                       ; --            ; --                                             ; --         ;
; SLD_FILE                            ; DEO_SALVA/synthesis/DEO_SALVA.regmap                        ; --            ; --                                             ; --         ;
; SLD_FILE                            ; DEO_SALVA/synthesis/DEO_SALVA.debuginfo                     ; --            ; --                                             ; --         ;
; SLD_INFO                            ; QSYS_NAME DEO_SALVA HAS_SOPCINFO 1 GENERATION_ID 1652041240 ; --            ; DEO_SALVA                                      ; --         ;
; SOPCINFO_FILE                       ; DEO_SALVA/synthesis/../../DEO_SALVA.sopcinfo                ; --            ; --                                             ; --         ;
; SYNTHESIS_ONLY_QIP                  ; On                                                          ; --            ; --                                             ; --         ;
; USE_GENERATED_PHYSICAL_CONSTRAINTS  ; Off                                                         ; --            ; --                                             ; eda_palace ;
+-------------------------------------+-------------------------------------------------------------+---------------+------------------------------------------------+------------+


+-------------------------------------------------------------------------------------------------------------------------------+
; Flow Elapsed Time                                                                                                             ;
+---------------------------+--------------+-------------------------+---------------------+------------------------------------+
; Module Name               ; Elapsed Time ; Average Processors Used ; Peak Virtual Memory ; Total CPU Time (on all processors) ;
+---------------------------+--------------+-------------------------+---------------------+------------------------------------+
; Analysis & Synthesis      ; 00:00:17     ; 1.0                     ; 4742 MB             ; 00:00:14                           ;
; Fitter                    ; 00:00:24     ; 1.0                     ; 4996 MB             ; 00:00:22                           ;
; Assembler                 ; 00:00:03     ; 1.0                     ; 4589 MB             ; 00:00:02                           ;
; TimeQuest Timing Analyzer ; 00:00:06     ; 1.0                     ; 4650 MB             ; 00:00:06                           ;
; Total                     ; 00:00:50     ; --                      ; --                  ; 00:00:44                           ;
+---------------------------+--------------+-------------------------+---------------------+------------------------------------+


+----------------------------------------------------------------------------------------+
; Flow OS Summary                                                                        ;
+---------------------------+------------------+-----------+------------+----------------+
; Module Name               ; Machine Hostname ; OS Name   ; OS Version ; Processor type ;
+---------------------------+------------------+-----------+------------+----------------+
; Analysis & Synthesis      ; DESKTOP-4CE18Q7  ; Windows 7 ; 6.2        ; x86_64         ;
; Fitter                    ; DESKTOP-4CE18Q7  ; Windows 7 ; 6.2        ; x86_64         ;
; Assembler                 ; DESKTOP-4CE18Q7  ; Windows 7 ; 6.2        ; x86_64         ;
; TimeQuest Timing Analyzer ; DESKTOP-4CE18Q7  ; Windows 7 ; 6.2        ; x86_64         ;
+---------------------------+------------------+-----------+------------+----------------+


------------
; Flow Log ;
------------
quartus_map --read_settings_files=on --write_settings_files=off DE0_TOP -c DE0_TOP
quartus_fit --read_settings_files=off --write_settings_files=off DE0_TOP -c DE0_TOP
quartus_asm --read_settings_files=off --write_settings_files=off DE0_TOP -c DE0_TOP
quartus_sta DE0_TOP -c DE0_TOP



